Archive member included to satisfy reference by file (symbol)

c:/nxp/mcuxpressoide_11.5.1_7266/ide/plugins/com.nxp.mcuxpresso.tools.win32_11.5.1.202201181444/tools/bin/../lib/gcc/arm-none-eabi/10.3.1/../../../../arm-none-eabi/lib/thumb/v7e-m+fp/hard\libcr_nohost_nf.a(_cr__main.o)
                              ./startup/startup_mk64f12.o (__main)
c:/nxp/mcuxpressoide_11.5.1_7266/ide/plugins/com.nxp.mcuxpresso.tools.win32_11.5.1.202201181444/tools/bin/../lib/gcc/arm-none-eabi/10.3.1/../../../../arm-none-eabi/lib/thumb/v7e-m+fp/hard\libcr_c.a(fabsf.o)
                              ./CMSIS/DSP/Source/BasicMathFunctions/BasicMathFunctions.o (fabsf)
c:/nxp/mcuxpressoide_11.5.1_7266/ide/plugins/com.nxp.mcuxpresso.tools.win32_11.5.1.202201181444/tools/bin/../lib/gcc/arm-none-eabi/10.3.1/../../../../arm-none-eabi/lib/thumb/v7e-m+fp/hard\libcr_c.a(sqrtf_m4_hardfp.o)
                              ./CMSIS/DSP/Source/StatisticsFunctions/StatisticsFunctions.o (sqrtf)
c:/nxp/mcuxpressoide_11.5.1_7266/ide/plugins/com.nxp.mcuxpresso.tools.win32_11.5.1.202201181444/tools/bin/../lib/gcc/arm-none-eabi/10.3.1/../../../../arm-none-eabi/lib/thumb/v7e-m+fp/hard\libcr_c.a(memcpy.o)
                              ./utilities/fsl_str.o (memcpy)
c:/nxp/mcuxpressoide_11.5.1_7266/ide/plugins/com.nxp.mcuxpresso.tools.win32_11.5.1.202201181444/tools/bin/../lib/gcc/arm-none-eabi/10.3.1/../../../../arm-none-eabi/lib/thumb/v7e-m+fp/hard\libcr_c.a(memset.o)
                              ./utilities/fsl_debug_console.o (memset)
c:/nxp/mcuxpressoide_11.5.1_7266/ide/plugins/com.nxp.mcuxpresso.tools.win32_11.5.1.202201181444/tools/bin/../lib/gcc/arm-none-eabi/10.3.1/../../../../arm-none-eabi/lib/thumb/v7e-m+fp/hard\libcr_c.a(alloc.o)
                              ./drivers/fsl_common.o (malloc)
c:/nxp/mcuxpressoide_11.5.1_7266/ide/plugins/com.nxp.mcuxpresso.tools.win32_11.5.1.202201181444/tools/bin/../lib/gcc/arm-none-eabi/10.3.1/../../../../arm-none-eabi/lib/thumb/v7e-m+fp/hard\libcr_c.a(errno.o)
                              ./utilities/fsl_str.o (errno)
c:/nxp/mcuxpressoide_11.5.1_7266/ide/plugins/com.nxp.mcuxpresso.tools.win32_11.5.1.202201181444/tools/bin/../lib/gcc/arm-none-eabi/10.3.1/../../../../arm-none-eabi/lib/thumb/v7e-m+fp/hard\libcr_c.a(initio.o)
                              c:/nxp/mcuxpressoide_11.5.1_7266/ide/plugins/com.nxp.mcuxpresso.tools.win32_11.5.1.202201181444/tools/bin/../lib/gcc/arm-none-eabi/10.3.1/../../../../arm-none-eabi/lib/thumb/v7e-m+fp/hard\libcr_nohost_nf.a(_cr__main.o) (_initio)
c:/nxp/mcuxpressoide_11.5.1_7266/ide/plugins/com.nxp.mcuxpresso.tools.win32_11.5.1.202201181444/tools/bin/../lib/gcc/arm-none-eabi/10.3.1/../../../../arm-none-eabi/lib/thumb/v7e-m+fp/hard\libcr_c.a(scanf.o)
                              ./utilities/fsl_str.o (strtoul)
c:/nxp/mcuxpressoide_11.5.1_7266/ide/plugins/com.nxp.mcuxpresso.tools.win32_11.5.1.202201181444/tools/bin/../lib/gcc/arm-none-eabi/10.3.1/../../../../arm-none-eabi/lib/thumb/v7e-m+fp/hard\libcr_c.a(setvbuf.o)
                              c:/nxp/mcuxpressoide_11.5.1_7266/ide/plugins/com.nxp.mcuxpresso.tools.win32_11.5.1.202201181444/tools/bin/../lib/gcc/arm-none-eabi/10.3.1/../../../../arm-none-eabi/lib/thumb/v7e-m+fp/hard\libcr_c.a(initio.o) (setvbuf)
c:/nxp/mcuxpressoide_11.5.1_7266/ide/plugins/com.nxp.mcuxpresso.tools.win32_11.5.1.202201181444/tools/bin/../lib/gcc/arm-none-eabi/10.3.1/../../../../arm-none-eabi/lib/thumb/v7e-m+fp/hard\libcr_c.a(strlen.o)
                              ./utilities/fsl_str.o (strlen)
c:/nxp/mcuxpressoide_11.5.1_7266/ide/plugins/com.nxp.mcuxpresso.tools.win32_11.5.1.202201181444/tools/bin/../lib/gcc/arm-none-eabi/10.3.1/../../../../arm-none-eabi/lib/thumb/v7e-m+fp/hard\libcr_c.a(ungetc.o)
                              c:/nxp/mcuxpressoide_11.5.1_7266/ide/plugins/com.nxp.mcuxpresso.tools.win32_11.5.1.202201181444/tools/bin/../lib/gcc/arm-none-eabi/10.3.1/../../../../arm-none-eabi/lib/thumb/v7e-m+fp/hard\libcr_c.a(scanf.o) (ungetc)
c:/nxp/mcuxpressoide_11.5.1_7266/ide/plugins/com.nxp.mcuxpresso.tools.win32_11.5.1.202201181444/tools/bin/../lib/gcc/arm-none-eabi/10.3.1/../../../../arm-none-eabi/lib/thumb/v7e-m+fp/hard\libcr_c.a(__fillbuf.o)
                              c:/nxp/mcuxpressoide_11.5.1_7266/ide/plugins/com.nxp.mcuxpresso.tools.win32_11.5.1.202201181444/tools/bin/../lib/gcc/arm-none-eabi/10.3.1/../../../../arm-none-eabi/lib/thumb/v7e-m+fp/hard\libcr_c.a(scanf.o) (__filbuf)
c:/nxp/mcuxpressoide_11.5.1_7266/ide/plugins/com.nxp.mcuxpresso.tools.win32_11.5.1.202201181444/tools/bin/../lib/gcc/arm-none-eabi/10.3.1/../../../../arm-none-eabi/lib/thumb/v7e-m+fp/hard\libcr_c.a(__init_alloc.o)
                              c:/nxp/mcuxpressoide_11.5.1_7266/ide/plugins/com.nxp.mcuxpresso.tools.win32_11.5.1.202201181444/tools/bin/../lib/gcc/arm-none-eabi/10.3.1/../../../../arm-none-eabi/lib/thumb/v7e-m+fp/hard\libcr_c.a(alloc.o) (__heaps)
[...]
Memory Configuration

Name             Origin             Length             Attributes
PROGRAM_FLASH    0x00000000         0x00100000         xr
SRAM_UPPER       0x20000000         0x00030000         xrw
SRAM_LOWER       0x1fff0000         0x00010000         xrw
FLEX_RAM         0x14000000         0x00001000         xrw
*default*        0x00000000         0xffffffff

Linker script and memory map

LOAD ./utilities/fsl_assert.o
LOAD ./utilities/fsl_debug_console.o
LOAD ./utilities/fsl_str.o
LOAD ./startup/startup_mk64f12.o
LOAD ./source/Motor_Controller.o
LOAD ./source/semihost_hardfault.o
LOAD ./drivers/fsl_adc16.o
LOAD ./drivers/fsl_clock.o
LOAD ./drivers/fsl_common.o
LOAD ./drivers/fsl_common_arm.o
LOAD ./drivers/fsl_ftfx_cache.o
LOAD ./drivers/fsl_ftfx_controller.o
LOAD ./drivers/fsl_ftfx_flash.o
LOAD ./drivers/fsl_ftfx_flexnvm.o
LOAD ./drivers/fsl_ftm.o
LOAD ./drivers/fsl_gpio.o
LOAD ./drivers/fsl_i2c.o
LOAD ./drivers/fsl_smc.o
LOAD ./drivers/fsl_uart.o
LOAD ./device/system_MK64F12.o
LOAD ./component/uart/fsl_adapter_uart.o
LOAD ./component/serial_manager/fsl_component_serial_manager.o
LOAD ./component/serial_manager/fsl_component_serial_port_uart.o
LOAD ./component/lists/fsl_component_generic_list.o
LOAD ./board/board.o
LOAD ./board/clock_config.o
LOAD ./board/peripherals.o
LOAD ./board/pin_mux.o
LOAD ./CMSIS/DSP/Source/TransformFunctions/TransformFunctions.o
LOAD ./CMSIS/DSP/Source/SupportFunctions/SupportFunctions.o
LOAD ./CMSIS/DSP/Source/StatisticsFunctions/StatisticsFunctions.o
LOAD ./CMSIS/DSP/Source/MatrixFunctions/MatrixFunctions.o
LOAD ./CMSIS/DSP/Source/FilteringFunctions/FilteringFunctions.o
LOAD ./CMSIS/DSP/Source/FastMathFunctions/FastMathFunctions.o
LOAD ./CMSIS/DSP/Source/ControllerFunctions/ControllerFunctions.o
LOAD ./CMSIS/DSP/Source/ComplexMathFunctions/ComplexMathFunctions.o
LOAD ./CMSIS/DSP/Source/CommonTables/CommonTables.o
LOAD ./CMSIS/DSP/Source/BasicMathFunctions/BasicMathFunctions.o
LOAD C:\Users\jonlo\Documents\MCUXpressoIDE_11.5.1_7266\workspace\Motor_Controller\CMSIS\DSP\libarm_cortexM4lf_math.a
START GROUP
LOAD c:/nxp/mcuxpressoide_11.5.1_7266/ide/plugins/com.nxp.mcuxpresso.tools.win32_11.5.1.202201181444/tools/bin/../lib/gcc/arm-none-eabi/10.3.1/../../../../arm-none-eabi/lib/thumb/v7e-m+fp/hard\libcr_nohost_nf.a
LOAD c:/nxp/mcuxpressoide_11.5.1_7266/ide/plugins/com.nxp.mcuxpresso.tools.win32_11.5.1.202201181444/tools/bin/../lib/gcc/arm-none-eabi/10.3.1/../../../../arm-none-eabi/lib/thumb/v7e-m+fp/hard\libcr_c.a
LOAD c:/nxp/mcuxpressoide_11.5.1_7266/ide/plugins/com.nxp.mcuxpresso.tools.win32_11.5.1.202201181444/tools/bin/../lib/gcc/arm-none-eabi/10.3.1/thumb/v7e-m+fp/hard\libcr_eabihelpers.a
LOAD c:/nxp/mcuxpressoide_11.5.1_7266/ide/plugins/com.nxp.mcuxpresso.tools.win32_11.5.1.202201181444/tools/bin/../lib/gcc/arm-none-eabi/10.3.1/thumb/v7e-m+fp/hard\libgcc.a
END GROUP
                0x00000000                __base_PROGRAM_FLASH = 0x0
                0x00000000                __base_Flash = 0x0
                0x00100000                __top_PROGRAM_FLASH = 0x100000
                0x00100000                __top_Flash = 0x100000
                0x20000000                __base_SRAM_UPPER = 0x20000000
                0x20000000                __base_RAM = 0x20000000
                0x20030000                __top_SRAM_UPPER = 0x20030000
                0x20030000                __top_RAM = 0x20030000
                0x1fff0000                __base_SRAM_LOWER = 0x1fff0000
                0x1fff0000                __base_RAM2 = 0x1fff0000
                0x20000000                __top_SRAM_LOWER = 0x20000000
                0x20000000                __top_RAM2 = 0x20000000
                0x14000000                __base_FLEX_RAM = 0x14000000
                0x14000000                __base_RAM3 = 0x14000000
                0x14001000                __top_FLEX_RAM = 0x14001000
                0x14001000                __top_RAM3 = 0x14001000

.text           0x00000000     0x43f8
 FILL mask 0xff
                0x00000000                __vectors_start__ = ABSOLUTE (.)
 *(SORT_BY_ALIGNMENT(.isr_vector))
 .isr_vector    0x00000000      0x198 ./startup/startup_mk64f12.o
                0x00000000                g_pfnVectors
                0x00000000                __Vectors
                0x00000198                . = ALIGN (0x4)
                0x00000198                __section_table_start = .
                0x00000198                __data_section_table = .
                0x00000198        0x4 LONG 0x43f8 LOADADDR (.data)
                0x0000019c        0x4 LONG 0x20000000 ADDR (.data)
                0x000001a0        0x4 LONG 0x10 SIZEOF (.data)
                0x000001a4        0x4 LONG 0x43f8 LOADADDR (.data_RAM2)
                0x000001a8        0x4 LONG 0x1fff0000 ADDR (.data_RAM2)
                0x000001ac        0x4 LONG 0x0 SIZEOF (.data_RAM2)
                0x000001b0        0x4 LONG 0x43f8 LOADADDR (.data_RAM3)
                0x000001b4        0x4 LONG 0x14000000 ADDR (.data_RAM3)
                0x000001b8        0x4 LONG 0x0 SIZEOF (.data_RAM3)
                0x000001bc                __data_section_table_end = .
                0x000001bc                __bss_section_table = .
                0x000001bc        0x4 LONG 0x20000010 ADDR (.bss)
                0x000001c0        0x4 LONG 0x118 SIZEOF (.bss)
                0x000001c4        0x4 LONG 0x1fff0000 ADDR (.bss_RAM2)
                0x000001c8        0x4 LONG 0x0 SIZEOF (.bss_RAM2)
                0x000001cc        0x4 LONG 0x14000000 ADDR (.bss_RAM3)
                0x000001d0        0x4 LONG 0x0 SIZEOF (.bss_RAM3)
                0x000001d4                __bss_section_table_end = .
                0x000001d4                __section_table_end = .
 *(SORT_BY_ALIGNMENT(.after_vectors*))
 .after_vectors.reset
                0x000001d4       0x4c ./startup/startup_mk64f12.o
                0x000001d4                ResetISR
 .after_vectors.init_data
                0x00000220       0x1e ./startup/startup_mk64f12.o
                0x00000220                data_init
 .after_vectors.init_bss
                0x0000023e       0x12 ./startup/startup_mk64f12.o
                0x0000023e                bss_init
 .after_vectors
                0x00000250       0x14 ./startup/startup_mk64f12.o
                0x00000250                NMI_Handler
                0x00000254                MemManage_Handler
                0x00000256                BusFault_Handler
                0x00000258                UsageFault_Handler
                0x0000025a                SVC_Handler
                0x0000025c                DebugMon_Handler
                0x0000025e                PendSV_Handler
                0x00000260                SysTick_Handler
                0x00000262                DMA_Error_DriverIRQHandler
                0x00000262                LPTMR0_DriverIRQHandler
                0x00000262                FTM1_DriverIRQHandler
                0x00000262                FTM2_DriverIRQHandler
                0x00000262                PIT2_DriverIRQHandler
                0x00000262                SDHC_DriverIRQHandler
                0x00000262                I2S0_Tx_DriverIRQHandler
                0x00000262                RTC_Seconds_DriverIRQHandler
                0x00000262                DMA6_DriverIRQHandler
                0x00000262                LLWU_DriverIRQHandler
                0x00000262                MCM_DriverIRQHandler
                0x00000262                MCG_DriverIRQHandler
                0x00000262                ENET_1588_Timer_DriverIRQHandler
                0x00000262                DAC1_DriverIRQHandler
                0x00000262                SPI1_DriverIRQHandler
                0x00000262                CMP1_DriverIRQHandler
                0x00000262                FTM0_DriverIRQHandler
                0x00000262                IntDefaultHandler
                0x00000262                USB0_DriverIRQHandler
                0x00000262                UART5_ERR_DriverIRQHandler
                0x00000262                PORTC_DriverIRQHandler
                0x00000262                DMA11_DriverIRQHandler
                0x00000262                DAC0_DriverIRQHandler
                0x00000262                DMA10_DriverIRQHandler
                0x00000262                CMP2_DriverIRQHandler
                0x00000262                UART2_ERR_DriverIRQHandler
                0x00000262                SPI2_DriverIRQHandler
                0x00000262                LVD_LVW_DriverIRQHandler
                0x00000262                PIT0_DriverIRQHandler
                0x00000262                DMA12_DriverIRQHandler
                0x00000262                DMA5_DriverIRQHandler
                0x00000262                DMA4_DriverIRQHandler
                0x00000262                USBDCD_DriverIRQHandler
                0x00000262                UART3_ERR_DriverIRQHandler
                0x00000262                DMA3_DriverIRQHandler
                0x00000262                DMA8_DriverIRQHandler
                0x00000262                DMA9_DriverIRQHandler
                0x00000262                UART0_ERR_DriverIRQHandler
                0x00000262                CMT_DriverIRQHandler
                0x00000262                Reserved71_DriverIRQHandler
                0x00000262                ADC1_DriverIRQHandler
                0x00000262                PORTA_DriverIRQHandler
                0x00000262                DMA14_DriverIRQHandler
                0x00000262                PIT3_DriverIRQHandler
                0x00000262                PIT1_DriverIRQHandler
                0x00000262                WDOG_EWM_DriverIRQHandler
                0x00000262                PDB0_DriverIRQHandler
                0x00000262                RTC_DriverIRQHandler
                0x00000262                I2S0_Rx_DriverIRQHandler
                0x00000262                Read_Collision_DriverIRQHandler
                0x00000262                SWI_DriverIRQHandler
                0x00000262                UART4_ERR_DriverIRQHandler
                0x00000262                PORTB_DriverIRQHandler
                0x00000262                UART0_LON_DriverIRQHandler
                0x00000262                DMA0_DriverIRQHandler
                0x00000262                DMA1_DriverIRQHandler
                0x00000262                ENET_Receive_DriverIRQHandler
                0x00000262                DMA13_DriverIRQHandler
                0x00000262                ENET_Error_DriverIRQHandler
                0x00000262                DMA15_DriverIRQHandler
                0x00000262                SPI0_DriverIRQHandler
                0x00000262                ADC0_DriverIRQHandler
                0x00000262                CMP0_DriverIRQHandler
                0x00000262                CAN0_DriverIRQHandler
                0x00000262                FTM3_DriverIRQHandler
                0x00000262                RNG_DriverIRQHandler
                0x00000262                UART1_ERR_DriverIRQHandler
                0x00000262                DMA2_DriverIRQHandler
                0x00000262                ENET_Transmit_DriverIRQHandler
                0x00000262                PORTD_DriverIRQHandler
                0x00000262                PORTE_DriverIRQHandler
                0x00000262                FTFE_DriverIRQHandler
                0x00000262                DMA7_DriverIRQHandler
                0x00000400                . = 0x400
 *fill*         0x00000264      0x19c ff
                0x00000400                PROVIDE (__FLASH_CONFIG_START__ = .)
 *(SORT_BY_ALIGNMENT(.FlashConfig))
 .FlashConfig   0x00000400       0x10 ./startup/startup_mk64f12.o
                0x00000400                Flash_Config
                0x00000410                PROVIDE (__FLASH_CONFIG_END__ = .)
                0x00000001                ASSERT (! ((__FLASH_CONFIG_START__ == __FLASH_CONFIG_END__)), Linker Flash Config Support Enabled, but no .FlashConfig section provided within application)
 *(SORT_BY_ALIGNMENT(.text*))
 .text.__assertion_failed
                0x00000410       0x18 ./utilities/fsl_assert.o
                0x00000410                __assertion_failed
 .text.DbgConsole_SendDataReliable
                0x00000428       0x54 ./utilities/fsl_debug_console.o
                0x00000428                DbgConsole_SendDataReliable
 .text.DbgConsole_Init
                0x0000047c      0x118 ./utilities/fsl_debug_console.o
                0x0000047c                DbgConsole_Init
 .text.DbgConsole_Vprintf
                0x00000594       0x6c ./utilities/fsl_debug_console.o
                0x00000594                DbgConsole_Vprintf
 .text.FTM_CalculateCounterClkDiv
                0x00000600       0x74 ./source/Motor_Controller.o
 .text.main     0x00000674       0xc4 ./source/Motor_Controller.o
                0x00000674                main
 .text.forward  0x00000738       0xac ./source/Motor_Controller.o
                0x00000738                forward
 .text.CLOCK_SetEr32kClock
                0x000007e4       0x30 ./drivers/fsl_clock.o
 .text.CLOCK_SetPllFllSelClock
                0x00000814       0x38 ./drivers/fsl_clock.o
 .text.CLOCK_GetMcgExtClkFreq
                0x0000084c       0x7c ./drivers/fsl_clock.o
 .text.CLOCK_GetFllExtRefClkFreq
                0x000008c8       0xb0 ./drivers/fsl_clock.o
 .text.CLOCK_GetInternalRefClkSelectFreq
                0x00000978       0x4c ./drivers/fsl_clock.o
 .text.CLOCK_GetFllRefClkFreq
                0x000009c4       0x34 ./drivers/fsl_clock.o
 .text.CLOCK_GetOscRangeFromFreq
                0x000009f8       0x3c ./drivers/fsl_clock.o
 .text.CLOCK_GetOsc0ErClkFreq
                0x00000a34       0x44 ./drivers/fsl_clock.o
                0x00000a34                CLOCK_GetOsc0ErClkFreq
 .text.CLOCK_GetEr32kClkFreq
                0x00000a78       0x74 ./drivers/fsl_clock.o
                0x00000a78                CLOCK_GetEr32kClkFreq
 .text.CLOCK_GetPllFllSelClkFreq
                0x00000aec       0x54 ./drivers/fsl_clock.o
                0x00000aec                CLOCK_GetPllFllSelClkFreq
 .text.CLOCK_GetCoreSysClkFreq
                0x00000b40       0x28 ./drivers/fsl_clock.o
                0x00000b40                CLOCK_GetCoreSysClkFreq
 .text.CLOCK_GetFreq
                0x00000b68      0x140 ./drivers/fsl_clock.o
                0x00000b68                CLOCK_GetFreq
 .text.CLOCK_SetSimConfig
                0x00000ca8       0x34 ./drivers/fsl_clock.o
                0x00000ca8                CLOCK_SetSimConfig
 .text.CLOCK_EnableUsbfs0Clock
                0x00000cdc      0x108 ./drivers/fsl_clock.o
                0x00000cdc                CLOCK_EnableUsbfs0Clock
 .text.CLOCK_GetOutClkFreq
                0x00000de4       0x64 ./drivers/fsl_clock.o
                0x00000de4                CLOCK_GetOutClkFreq
 .text.CLOCK_GetFllFreq
                0x00000e48       0x84 ./drivers/fsl_clock.o
                0x00000e48                CLOCK_GetFllFreq
 .text.CLOCK_GetInternalRefClkFreq
                0x00000ecc       0x30 ./drivers/fsl_clock.o
                0x00000ecc                CLOCK_GetInternalRefClkFreq
 .text.CLOCK_GetPll0Freq
                0x00000efc       0x78 ./drivers/fsl_clock.o
                0x00000efc                CLOCK_GetPll0Freq
 .text.CLOCK_SetExternalRefClkConfig
                0x00000f74       0x6c ./drivers/fsl_clock.o
                0x00000f74                CLOCK_SetExternalRefClkConfig
 .text.CLOCK_SetInternalRefClkConfig
                0x00000fe0      0x104 ./drivers/fsl_clock.o
                0x00000fe0                CLOCK_SetInternalRefClkConfig
 .text.CLOCK_EnablePll0
                0x000010e4       0x88 ./drivers/fsl_clock.o
                0x000010e4                CLOCK_EnablePll0
 .text.CLOCK_InitOsc0
                0x0000116c       0x8c ./drivers/fsl_clock.o
                0x0000116c                CLOCK_InitOsc0
 .text.CLOCK_SetPbeMode
                0x000011f8       0xa8 ./drivers/fsl_clock.o
                0x000011f8                CLOCK_SetPbeMode
 .text.CLOCK_BootToPeeMode
                0x000012a0       0x64 ./drivers/fsl_clock.o
                0x000012a0                CLOCK_BootToPeeMode
 .text.FTM_GetInstance
                0x00001304       0x54 ./drivers/fsl_ftm.o
 .text.FTM_SetPwmSync
                0x00001358      0x140 ./drivers/fsl_ftm.o
 .text.FTM_SetReloadPoints
                0x00001498      0x138 ./drivers/fsl_ftm.o
 .text.FTM_Init
                0x000015d0       0xf4 ./drivers/fsl_ftm.o
                0x000015d0                FTM_Init
 .text.FTM_GetDefaultConfig
                0x000016c4       0x74 ./drivers/fsl_ftm.o
                0x000016c4                FTM_GetDefaultConfig
 .text.FTM_SetupPwm
                0x00001738      0x334 ./drivers/fsl_ftm.o
                0x00001738                FTM_SetupPwm
 .text.FTM_UpdatePwmDutycycle
                0x00001a6c      0x1a4 ./drivers/fsl_ftm.o
                0x00001a6c                FTM_UpdatePwmDutycycle
 .text.GPIO_PinInit
                0x00001c10       0x64 ./drivers/fsl_gpio.o
                0x00001c10                GPIO_PinInit
 .text.I2C_TransferCommonIRQHandler
                0x00001c74       0x58 ./drivers/fsl_i2c.o
 .text.I2C0_DriverIRQHandler
                0x00001ccc       0x1c ./drivers/fsl_i2c.o
                0x00001ccc                I2C0_DriverIRQHandler
 .text.I2C1_DriverIRQHandler
                0x00001ce8       0x1c ./drivers/fsl_i2c.o
                0x00001ce8                I2C1_DriverIRQHandler
 .text.I2C2_DriverIRQHandler
                0x00001d04       0x1c ./drivers/fsl_i2c.o
                0x00001d04                I2C2_DriverIRQHandler
 .text.UART_GetInstance
                0x00001d20       0x54 ./drivers/fsl_uart.o
                0x00001d20                UART_GetInstance
 .text.UART_Init
                0x00001d74      0x2f4 ./drivers/fsl_uart.o
                0x00001d74                UART_Init
 .text.UART_GetDefaultConfig
                0x00002068       0x68 ./drivers/fsl_uart.o
                0x00002068                UART_GetDefaultConfig
 .text.UART0_DriverIRQHandler
                0x000020d0       0x28 ./drivers/fsl_uart.o
                0x000020d0                UART0_DriverIRQHandler
 .text.UART1_DriverIRQHandler
                0x000020f8       0x28 ./drivers/fsl_uart.o
                0x000020f8                UART1_DriverIRQHandler
 .text.UART2_DriverIRQHandler
                0x00002120       0x28 ./drivers/fsl_uart.o
                0x00002120                UART2_DriverIRQHandler
 .text.UART3_DriverIRQHandler
                0x00002148       0x28 ./drivers/fsl_uart.o
                0x00002148                UART3_DriverIRQHandler
 .text.UART4_DriverIRQHandler
                0x00002170       0x28 ./drivers/fsl_uart.o
                0x00002170                UART4_DriverIRQHandler
 .text.UART5_DriverIRQHandler
                0x00002198       0x28 ./drivers/fsl_uart.o
                0x00002198                UART5_DriverIRQHandler
 .text.SystemInit
                0x000021c0       0x3c ./device/system_MK64F12.o
                0x000021c0                SystemInit
 .text.HAL_UartInit
                0x000021fc      0x128 ./component/uart/fsl_adapter_uart.o
                0x000021fc                HAL_UartInit
 .text.HAL_UartSendBlocking
                0x00002324       0x64 ./component/uart/fsl_adapter_uart.o
                0x00002324                HAL_UartSendBlocking
 .text.CLOCK_SetSdhc0Clock
                0x00002388       0x38 ./board/clock_config.o
 .text.CLOCK_SetEnetTime0Clock
                0x000023c0       0x38 ./board/clock_config.o
 .text.CLOCK_SetRmii0Clock
                0x000023f8       0x38 ./board/clock_config.o
 .text.CLOCK_SetTraceClock
                0x00002430       0x38 ./board/clock_config.o
 .text.CLOCK_SetClkOutClock
                0x00002468       0x34 ./board/clock_config.o
 .text.CLOCK_SetSimSafeDivs
                0x0000249c       0x20 ./board/clock_config.o
 .text.CLOCK_SetXtal0Freq
                0x000024bc       0x20 ./board/clock_config.o
 .text.CLOCK_CONFIG_SetFllExtRefDiv
                0x000024dc       0x3c ./board/clock_config.o
 .text.BOARD_BootClockRUN
                0x00002518       0x88 ./board/clock_config.o
                0x00002518                BOARD_BootClockRUN
 .text.PORT_SetPinConfig
                0x000025a0       0x38 ./board/pin_mux.o
 .text.BOARD_InitPins
                0x000025d8       0x8c ./board/pin_mux.o
                0x000025d8                BOARD_InitPins
 .text.BOARD_InitDEBUG_UARTPins
                0x00002664       0x68 ./board/pin_mux.o
                0x00002664                BOARD_InitDEBUG_UARTPins
 .text._initio  0x000026cc       0x78 c:/nxp/mcuxpressoide_11.5.1_7266/ide/plugins/com.nxp.mcuxpresso.tools.win32_11.5.1.202201181444/tools/bin/../lib/gcc/arm-none-eabi/10.3.1/../../../../arm-none-eabi/lib/thumb/v7e-m+fp/hard\libcr_c.a(initio.o)
                0x000026cc                _initio
 .text._Cwritebuf
                0x00002744       0x6c c:/nxp/mcuxpressoide_11.5.1_7266/ide/plugins/com.nxp.mcuxpresso.tools.win32_11.5.1.202201181444/tools/bin/../lib/gcc/arm-none-eabi/10.3.1/../../../../arm-none-eabi/lib/thumb/v7e-m+fp/hard\libcr_c.a(_writebuf.o)
                0x00002744                _Cwritebuf
 .text.fflush   0x000027b0       0x3c c:/nxp/mcuxpressoide_11.5.1_7266/ide/plugins/com.nxp.mcuxpresso.tools.win32_11.5.1.202201181444/tools/bin/../lib/gcc/arm-none-eabi/10.3.1/../../../../arm-none-eabi/lib/thumb/v7e-m+fp/hard\libcr_c.a(fflush.o)
                0x000027b0                fflush
 .text.fseek    0x000027ec       0xfc c:/nxp/mcuxpressoide_11.5.1_7266/ide/plugins/com.nxp.mcuxpresso.tools.win32_11.5.1.202201181444/tools/bin/../lib/gcc/arm-none-eabi/10.3.1/../../../../arm-none-eabi/lib/thumb/v7e-m+fp/hard\libcr_c.a(fseek.o)
                0x000027ec                fseek
 .text.ftell    0x000028e8       0x44 c:/nxp/mcuxpressoide_11.5.1_7266/ide/plugins/com.nxp.mcuxpresso.tools.win32_11.5.1.202201181444/tools/bin/../lib/gcc/arm-none-eabi/10.3.1/../../../../arm-none-eabi/lib/thumb/v7e-m+fp/hard\libcr_c.a(ftell.o)
                0x000028e8                ftell
 .text.DbgConsole_PrintCallback
                0x0000292c       0x66 ./utilities/fsl_debug_console.o
 .text.DbgConsole_Printf
                0x00002992       0x2c ./utilities/fsl_debug_console.o
                0x00002992                DbgConsole_Printf
 .text.PrintGetWidth
                0x000029be       0x6a ./utilities/fsl_str.o
 .text.PrintGetPrecision
                0x00002a28       0x8c ./utilities/fsl_str.o
 .text.PrintIsobpu
                0x00002ab4       0x38 ./utilities/fsl_str.o
 .text.PrintIsdi
                0x00002aec       0x2c ./utilities/fsl_str.o
 .text.PrintOutputdifFobpu
                0x00002b18       0x44 ./utilities/fsl_str.o
 .text.PrintOutputxX
                0x00002b5c       0x44 ./utilities/fsl_str.o
 .text.PrintIsfF
                0x00002ba0       0x2c ./utilities/fsl_str.o
 .text.PrintIsxX
                0x00002bcc       0x2c ./utilities/fsl_str.o
 .text.PrintFilterLengthFlag
                0x00002bf8       0x3e ./utilities/fsl_str.o
 .text.PrintGetRadixFromobpu
                0x00002c36       0x40 ./utilities/fsl_str.o
 .text.ConvertRadixNumToString
                0x00002c76       0xc2 ./utilities/fsl_str.o
 .text.StrFormatPrintf
                0x00002d38      0x2ac ./utilities/fsl_str.o
                0x00002d38                StrFormatPrintf
 .text.DMA0_IRQHandler
                0x00002fe4        0x8 ./startup/startup_mk64f12.o
                0x00002fe4                DMA0_IRQHandler
 .text.DMA1_IRQHandler
                0x00002fec        0x8 ./startup/startup_mk64f12.o
                0x00002fec                DMA1_IRQHandler
 .text.DMA2_IRQHandler
                0x00002ff4        0x8 ./startup/startup_mk64f12.o
                0x00002ff4                DMA2_IRQHandler
 .text.DMA3_IRQHandler
                0x00002ffc        0x8 ./startup/startup_mk64f12.o
                0x00002ffc                DMA3_IRQHandler
 .text.DMA4_IRQHandler
                0x00003004        0x8 ./startup/startup_mk64f12.o
                0x00003004                DMA4_IRQHandler
 .text.DMA5_IRQHandler
                0x0000300c        0x8 ./startup/startup_mk64f12.o
                0x0000300c                DMA5_IRQHandler
 .text.DMA6_IRQHandler
                0x00003014        0x8 ./startup/startup_mk64f12.o
                0x00003014                DMA6_IRQHandler
 .text.DMA7_IRQHandler
                0x0000301c        0x8 ./startup/startup_mk64f12.o
                0x0000301c                DMA7_IRQHandler
 .text.DMA8_IRQHandler
                0x00003024        0x8 ./startup/startup_mk64f12.o
                0x00003024                DMA8_IRQHandler
 .text.DMA9_IRQHandler
                0x0000302c        0x8 ./startup/startup_mk64f12.o
                0x0000302c                DMA9_IRQHandler
 .text.DMA10_IRQHandler
                0x00003034        0x8 ./startup/startup_mk64f12.o
                0x00003034                DMA10_IRQHandler
 .text.DMA11_IRQHandler
                0x0000303c        0x8 ./startup/startup_mk64f12.o
                0x0000303c                DMA11_IRQHandler
 .text.DMA12_IRQHandler
                0x00003044        0x8 ./startup/startup_mk64f12.o
                0x00003044                DMA12_IRQHandler
 .text.DMA13_IRQHandler
                0x0000304c        0x8 ./startup/startup_mk64f12.o
                0x0000304c                DMA13_IRQHandler
 .text.DMA14_IRQHandler
                0x00003054        0x8 ./startup/startup_mk64f12.o
                0x00003054                DMA14_IRQHandler
 .text.DMA15_IRQHandler
                0x0000305c        0x8 ./startup/startup_mk64f12.o
                0x0000305c                DMA15_IRQHandler
 .text.DMA_Error_IRQHandler
                0x00003064        0x8 ./startup/startup_mk64f12.o
                0x00003064                DMA_Error_IRQHandler
 .text.MCM_IRQHandler
                0x0000306c        0x8 ./startup/startup_mk64f12.o
                0x0000306c                MCM_IRQHandler
 .text.FTFE_IRQHandler
                0x00003074        0x8 ./startup/startup_mk64f12.o
                0x00003074                FTFE_IRQHandler
 .text.Read_Collision_IRQHandler
                0x0000307c        0x8 ./startup/startup_mk64f12.o
                0x0000307c                Read_Collision_IRQHandler
 .text.LVD_LVW_IRQHandler
                0x00003084        0x8 ./startup/startup_mk64f12.o
                0x00003084                LVD_LVW_IRQHandler
 .text.LLWU_IRQHandler
                0x0000308c        0x8 ./startup/startup_mk64f12.o
                0x0000308c                LLWU_IRQHandler
 .text.WDOG_EWM_IRQHandler
                0x00003094        0x8 ./startup/startup_mk64f12.o
                0x00003094                WDOG_EWM_IRQHandler
 .text.RNG_IRQHandler
                0x0000309c        0x8 ./startup/startup_mk64f12.o
                0x0000309c                RNG_IRQHandler
 .text.I2C0_IRQHandler
                0x000030a4        0x8 ./startup/startup_mk64f12.o
                0x000030a4                I2C0_IRQHandler
 .text.I2C1_IRQHandler
                0x000030ac        0x8 ./startup/startup_mk64f12.o
                0x000030ac                I2C1_IRQHandler
 .text.SPI0_IRQHandler
                0x000030b4        0x8 ./startup/startup_mk64f12.o
                0x000030b4                SPI0_IRQHandler
 .text.SPI1_IRQHandler
                0x000030bc        0x8 ./startup/startup_mk64f12.o
                0x000030bc                SPI1_IRQHandler
 .text.I2S0_Tx_IRQHandler
                0x000030c4        0x8 ./startup/startup_mk64f12.o
                0x000030c4                I2S0_Tx_IRQHandler
 .text.I2S0_Rx_IRQHandler
                0x000030cc        0x8 ./startup/startup_mk64f12.o
                0x000030cc                I2S0_Rx_IRQHandler
 .text.UART0_LON_IRQHandler
                0x000030d4        0x8 ./startup/startup_mk64f12.o
                0x000030d4                UART0_LON_IRQHandler
 .text.UART0_RX_TX_IRQHandler
                0x000030dc        0x8 ./startup/startup_mk64f12.o
                0x000030dc                UART0_RX_TX_IRQHandler
 .text.UART0_ERR_IRQHandler
                0x000030e4        0x8 ./startup/startup_mk64f12.o
                0x000030e4                UART0_ERR_IRQHandler
 .text.UART1_RX_TX_IRQHandler
                0x000030ec        0x8 ./startup/startup_mk64f12.o
                0x000030ec                UART1_RX_TX_IRQHandler
 .text.UART1_ERR_IRQHandler
                0x000030f4        0x8 ./startup/startup_mk64f12.o
                0x000030f4                UART1_ERR_IRQHandler
 .text.UART2_RX_TX_IRQHandler
                0x000030fc        0x8 ./startup/startup_mk64f12.o
                0x000030fc                UART2_RX_TX_IRQHandler
 .text.UART2_ERR_IRQHandler
                0x00003104        0x8 ./startup/startup_mk64f12.o
                0x00003104                UART2_ERR_IRQHandler
 .text.UART3_RX_TX_IRQHandler
                0x0000310c        0x8 ./startup/startup_mk64f12.o
                0x0000310c                UART3_RX_TX_IRQHandler
 .text.UART3_ERR_IRQHandler
                0x00003114        0x8 ./startup/startup_mk64f12.o
                0x00003114                UART3_ERR_IRQHandler
 .text.ADC0_IRQHandler
                0x0000311c        0x8 ./startup/startup_mk64f12.o
                0x0000311c                ADC0_IRQHandler
 .text.CMP0_IRQHandler
                0x00003124        0x8 ./startup/startup_mk64f12.o
                0x00003124                CMP0_IRQHandler
 .text.CMP1_IRQHandler
                0x0000312c        0x8 ./startup/startup_mk64f12.o
                0x0000312c                CMP1_IRQHandler
 .text.FTM0_IRQHandler
                0x00003134        0x8 ./startup/startup_mk64f12.o
                0x00003134                FTM0_IRQHandler
 .text.FTM1_IRQHandler
                0x0000313c        0x8 ./startup/startup_mk64f12.o
                0x0000313c                FTM1_IRQHandler
 .text.FTM2_IRQHandler
                0x00003144        0x8 ./startup/startup_mk64f12.o
                0x00003144                FTM2_IRQHandler
 .text.CMT_IRQHandler
                0x0000314c        0x8 ./startup/startup_mk64f12.o
                0x0000314c                CMT_IRQHandler
 .text.RTC_IRQHandler
                0x00003154        0x8 ./startup/startup_mk64f12.o
                0x00003154                RTC_IRQHandler
 .text.RTC_Seconds_IRQHandler
                0x0000315c        0x8 ./startup/startup_mk64f12.o
                0x0000315c                RTC_Seconds_IRQHandler
 .text.PIT0_IRQHandler
                0x00003164        0x8 ./startup/startup_mk64f12.o
                0x00003164                PIT0_IRQHandler
 .text.PIT1_IRQHandler
                0x0000316c        0x8 ./startup/startup_mk64f12.o
                0x0000316c                PIT1_IRQHandler
 .text.PIT2_IRQHandler
                0x00003174        0x8 ./startup/startup_mk64f12.o
                0x00003174                PIT2_IRQHandler
 .text.PIT3_IRQHandler
                0x0000317c        0x8 ./startup/startup_mk64f12.o
                0x0000317c                PIT3_IRQHandler
 .text.PDB0_IRQHandler
                0x00003184        0x8 ./startup/startup_mk64f12.o
                0x00003184                PDB0_IRQHandler
 .text.USB0_IRQHandler
                0x0000318c        0x8 ./startup/startup_mk64f12.o
                0x0000318c                USB0_IRQHandler
 .text.USBDCD_IRQHandler
                0x00003194        0x8 ./startup/startup_mk64f12.o
                0x00003194                USBDCD_IRQHandler
 .text.Reserved71_IRQHandler
                0x0000319c        0x8 ./startup/startup_mk64f12.o
                0x0000319c                Reserved71_IRQHandler
 .text.DAC0_IRQHandler
                0x000031a4        0x8 ./startup/startup_mk64f12.o
                0x000031a4                DAC0_IRQHandler
 .text.MCG_IRQHandler
                0x000031ac        0x8 ./startup/startup_mk64f12.o
                0x000031ac                MCG_IRQHandler
 .text.LPTMR0_IRQHandler
                0x000031b4        0x8 ./startup/startup_mk64f12.o
                0x000031b4                LPTMR0_IRQHandler
 .text.PORTA_IRQHandler
                0x000031bc        0x8 ./startup/startup_mk64f12.o
                0x000031bc                PORTA_IRQHandler
 .text.PORTB_IRQHandler
                0x000031c4        0x8 ./startup/startup_mk64f12.o
                0x000031c4                PORTB_IRQHandler
 .text.PORTC_IRQHandler
                0x000031cc        0x8 ./startup/startup_mk64f12.o
                0x000031cc                PORTC_IRQHandler
 .text.PORTD_IRQHandler
                0x000031d4        0x8 ./startup/startup_mk64f12.o
                0x000031d4                PORTD_IRQHandler
 .text.PORTE_IRQHandler
                0x000031dc        0x8 ./startup/startup_mk64f12.o
                0x000031dc                PORTE_IRQHandler
 .text.SWI_IRQHandler
                0x000031e4        0x8 ./startup/startup_mk64f12.o
                0x000031e4                SWI_IRQHandler
 .text.SPI2_IRQHandler
                0x000031ec        0x8 ./startup/startup_mk64f12.o
                0x000031ec                SPI2_IRQHandler
 .text.UART4_RX_TX_IRQHandler
                0x000031f4        0x8 ./startup/startup_mk64f12.o
                0x000031f4                UART4_RX_TX_IRQHandler
 .text.UART4_ERR_IRQHandler
                0x000031fc        0x8 ./startup/startup_mk64f12.o
                0x000031fc                UART4_ERR_IRQHandler
 .text.UART5_RX_TX_IRQHandler
                0x00003204        0x8 ./startup/startup_mk64f12.o
                0x00003204                UART5_RX_TX_IRQHandler
 .text.UART5_ERR_IRQHandler
                0x0000320c        0x8 ./startup/startup_mk64f12.o
                0x0000320c                UART5_ERR_IRQHandler
 .text.CMP2_IRQHandler
                0x00003214        0x8 ./startup/startup_mk64f12.o
                0x00003214                CMP2_IRQHandler
 .text.FTM3_IRQHandler
                0x0000321c        0x8 ./startup/startup_mk64f12.o
                0x0000321c                FTM3_IRQHandler
 .text.DAC1_IRQHandler
                0x00003224        0x8 ./startup/startup_mk64f12.o
                0x00003224                DAC1_IRQHandler
 .text.ADC1_IRQHandler
                0x0000322c        0x8 ./startup/startup_mk64f12.o
                0x0000322c                ADC1_IRQHandler
 .text.I2C2_IRQHandler
                0x00003234        0x8 ./startup/startup_mk64f12.o
                0x00003234                I2C2_IRQHandler
 .text.CAN0_ORed_Message_buffer_IRQHandler
                0x0000323c        0x8 ./startup/startup_mk64f12.o
                0x0000323c                CAN0_ORed_Message_buffer_IRQHandler
 .text.CAN0_Bus_Off_IRQHandler
                0x00003244        0x8 ./startup/startup_mk64f12.o
                0x00003244                CAN0_Bus_Off_IRQHandler
 .text.CAN0_Error_IRQHandler
                0x0000324c        0x8 ./startup/startup_mk64f12.o
                0x0000324c                CAN0_Error_IRQHandler
 .text.CAN0_Tx_Warning_IRQHandler
                0x00003254        0x8 ./startup/startup_mk64f12.o
                0x00003254                CAN0_Tx_Warning_IRQHandler
 .text.CAN0_Rx_Warning_IRQHandler
                0x0000325c        0x8 ./startup/startup_mk64f12.o
                0x0000325c                CAN0_Rx_Warning_IRQHandler
 .text.CAN0_Wake_Up_IRQHandler
                0x00003264        0x8 ./startup/startup_mk64f12.o
                0x00003264                CAN0_Wake_Up_IRQHandler
 .text.SDHC_IRQHandler
                0x0000326c        0x8 ./startup/startup_mk64f12.o
                0x0000326c                SDHC_IRQHandler
 .text.ENET_1588_Timer_IRQHandler
                0x00003274        0x8 ./startup/startup_mk64f12.o
                0x00003274                ENET_1588_Timer_IRQHandler
 .text.ENET_Transmit_IRQHandler
                0x0000327c        0x8 ./startup/startup_mk64f12.o
                0x0000327c                ENET_Transmit_IRQHandler
 .text.ENET_Receive_IRQHandler
                0x00003284        0x8 ./startup/startup_mk64f12.o
                0x00003284                ENET_Receive_IRQHandler
 .text.ENET_Error_IRQHandler
                0x0000328c        0x8 ./startup/startup_mk64f12.o
                0x0000328c                ENET_Error_IRQHandler
 .text.GPIO_PinWrite
                0x00003294       0x36 ./source/Motor_Controller.o
 .text.FTM_StartTimer
                0x000032ca       0x3a ./source/Motor_Controller.o
 .text.HardFault_Handler
                0x00003304       0x2c ./source/semihost_hardfault.o
                0x00003304                HardFault_Handler
 .text.CLOCK_EnableClock
                0x00003330       0x34 ./drivers/fsl_clock.o
 .text.CLOCK_DisableClock
                0x00003364       0x38 ./drivers/fsl_clock.o
 .text.OSC_SetExtRefClkConfig
                0x0000339c       0x34 ./drivers/fsl_clock.o
 .text.OSC_SetCapLoad
                0x000033d0       0x34 ./drivers/fsl_clock.o
 .text.CLOCK_GetPll0RefFreq
                0x00003404        0xe ./drivers/fsl_clock.o
 .text.CLOCK_GetFixedFreqClkFreq
                0x00003412       0x34 ./drivers/fsl_clock.o
                0x00003412                CLOCK_GetFixedFreqClkFreq
 .text.CLOCK_EnableClock
                0x00003446       0x34 ./drivers/fsl_ftm.o
 .text.FTM_SetDeadTimeEnable
                0x0000347a       0x52 ./drivers/fsl_ftm.o
 .text.FTM_SetComplementaryEnable
                0x000034cc       0x52 ./drivers/fsl_ftm.o
 .text.GPIO_PinWrite
                0x0000351e       0x36 ./drivers/fsl_gpio.o
 .text.CLOCK_EnableClock
                0x00003554       0x34 ./drivers/fsl_uart.o
 .text.UART_WriteBlocking
                0x00003588       0x50 ./drivers/fsl_uart.o
                0x00003588                UART_WriteBlocking
 .text.UART0_RX_TX_DriverIRQHandler
                0x000035d8       0x12 ./drivers/fsl_uart.o
                0x000035d8                UART0_RX_TX_DriverIRQHandler
 .text.UART1_RX_TX_DriverIRQHandler
                0x000035ea       0x12 ./drivers/fsl_uart.o
                0x000035ea                UART1_RX_TX_DriverIRQHandler
 .text.UART2_RX_TX_DriverIRQHandler
                0x000035fc       0x12 ./drivers/fsl_uart.o
                0x000035fc                UART2_RX_TX_DriverIRQHandler
 .text.UART3_RX_TX_DriverIRQHandler
                0x0000360e       0x12 ./drivers/fsl_uart.o
                0x0000360e                UART3_RX_TX_DriverIRQHandler
 .text.UART4_RX_TX_DriverIRQHandler
                0x00003620       0x12 ./drivers/fsl_uart.o
                0x00003620                UART4_RX_TX_DriverIRQHandler
 .text.UART5_RX_TX_DriverIRQHandler
                0x00003632       0x12 ./drivers/fsl_uart.o
                0x00003632                UART5_RX_TX_DriverIRQHandler
 .text.SystemInitHook
                0x00003644        0xe ./device/system_MK64F12.o
                0x00003644                SystemInitHook
 .text.HAL_UartGetStatus
                0x00003652       0x22 ./component/uart/fsl_adapter_uart.o
 .text.DisableGlobalIRQ
                0x00003674       0x22 ./component/serial_manager/fsl_component_serial_manager.o
 .text.EnableGlobalIRQ
                0x00003696       0x20 ./component/serial_manager/fsl_component_serial_manager.o
 .text.SerialManager_StartWriting
                0x000036b6       0x38 ./component/serial_manager/fsl_component_serial_manager.o
 .text.SerialManager_Write
                0x000036ee       0x44 ./component/serial_manager/fsl_component_serial_manager.o
 .text.SerialManager_Init
                0x00003732       0x60 ./component/serial_manager/fsl_component_serial_manager.o
                0x00003732                SerialManager_Init
 .text.SerialManager_OpenWriteHandle
                0x00003792       0x50 ./component/serial_manager/fsl_component_serial_manager.o
                0x00003792                SerialManager_OpenWriteHandle
 .text.SerialManager_OpenReadHandle
                0x000037e2       0x60 ./component/serial_manager/fsl_component_serial_manager.o
                0x000037e2                SerialManager_OpenReadHandle
 .text.SerialManager_WriteBlocking
                0x00003842       0x20 ./component/serial_manager/fsl_component_serial_manager.o
                0x00003842                SerialManager_WriteBlocking
 .text.Serial_UartInit
                0x00003862       0x3e ./component/serial_manager/fsl_component_serial_port_uart.o
                0x00003862                Serial_UartInit
 .text.Serial_UartWrite
                0x000038a0       0x38 ./component/serial_manager/fsl_component_serial_port_uart.o
                0x000038a0                Serial_UartWrite
 .text.BOARD_InitDebugConsole
                0x000038d8       0x22 ./board/board.o
                0x000038d8                BOARD_InitDebugConsole
 .text.BOARD_InitBootClocks
                0x000038fa        0xc ./board/clock_config.o
                0x000038fa                BOARD_InitBootClocks
 .text.BOARD_InitPeripherals
                0x00003906        0xe ./board/peripherals.o
                0x00003906                BOARD_InitPeripherals
 .text.BOARD_InitBootPeripherals
                0x00003914        0xc ./board/peripherals.o
                0x00003914                BOARD_InitBootPeripherals
 .text.CLOCK_EnableClock
                0x00003920       0x34 ./board/pin_mux.o
 .text.PORT_SetPinMux
                0x00003954       0x3a ./board/pin_mux.o
 .text.BOARD_InitBootPins
                0x0000398e       0x10 ./board/pin_mux.o
                0x0000398e                BOARD_InitBootPins
 .text.__main   0x0000399e        0xe c:/nxp/mcuxpressoide_11.5.1_7266/ide/plugins/com.nxp.mcuxpresso.tools.win32_11.5.1.202201181444/tools/bin/../lib/gcc/arm-none-eabi/10.3.1/../../../../arm-none-eabi/lib/thumb/v7e-m+fp/hard\libcr_nohost_nf.a(_cr__main.o)
                0x0000399e                __main
 .text.memcpy   0x000039ac        0x4 c:/nxp/mcuxpressoide_11.5.1_7266/ide/plugins/com.nxp.mcuxpresso.tools.win32_11.5.1.202201181444/tools/bin/../lib/gcc/arm-none-eabi/10.3.1/../../../../arm-none-eabi/lib/thumb/v7e-m+fp/hard\libcr_c.a(memcpy.o)
                0x000039ac                memcpy
 .text.memset   0x000039b0        0x4 c:/nxp/mcuxpressoide_11.5.1_7266/ide/plugins/com.nxp.mcuxpresso.tools.win32_11.5.1.202201181444/tools/bin/../lib/gcc/arm-none-eabi/10.3.1/../../../../arm-none-eabi/lib/thumb/v7e-m+fp/hard\libcr_c.a(memset.o)
                0x000039b0                memset
 .text.free     0x000039b4       0x30 c:/nxp/mcuxpressoide_11.5.1_7266/ide/plugins/com.nxp.mcuxpresso.tools.win32_11.5.1.202201181444/tools/bin/../lib/gcc/arm-none-eabi/10.3.1/../../../../arm-none-eabi/lib/thumb/v7e-m+fp/hard\libcr_c.a(alloc.o)
                0x000039b4                free
 .text.setvbuf  0x000039e4       0x3e c:/nxp/mcuxpressoide_11.5.1_7266/ide/plugins/com.nxp.mcuxpresso.tools.win32_11.5.1.202201181444/tools/bin/../lib/gcc/arm-none-eabi/10.3.1/../../../../arm-none-eabi/lib/thumb/v7e-m+fp/hard\libcr_c.a(setvbuf.o)
                0x000039e4                setvbuf
 .text.strlen   0x00003a22       0x48 c:/nxp/mcuxpressoide_11.5.1_7266/ide/plugins/com.nxp.mcuxpresso.tools.win32_11.5.1.202201181444/tools/bin/../lib/gcc/arm-none-eabi/10.3.1/../../../../arm-none-eabi/lib/thumb/v7e-m+fp/hard\libcr_c.a(strlen.o)
                0x00003a22                strlen
 .text._deferredlazyseek
                0x00003a6a       0x40 c:/nxp/mcuxpressoide_11.5.1_7266/ide/plugins/com.nxp.mcuxpresso.tools.win32_11.5.1.202201181444/tools/bin/../lib/gcc/arm-none-eabi/10.3.1/../../../../arm-none-eabi/lib/thumb/v7e-m+fp/hard\libcr_c.a(_deferredlazyseek.o)
                0x00003a6a                _deferredlazyseek
 .text._fdopen  0x00003aaa       0x68 c:/nxp/mcuxpressoide_11.5.1_7266/ide/plugins/com.nxp.mcuxpresso.tools.win32_11.5.1.202201181444/tools/bin/../lib/gcc/arm-none-eabi/10.3.1/../../../../arm-none-eabi/lib/thumb/v7e-m+fp/hard\libcr_c.a(_fdopen.o)
                0x00003aaa                _fdopen
 .text._fflush  0x00003b12       0x52 c:/nxp/mcuxpressoide_11.5.1_7266/ide/plugins/com.nxp.mcuxpresso.tools.win32_11.5.1.202201181444/tools/bin/../lib/gcc/arm-none-eabi/10.3.1/../../../../arm-none-eabi/lib/thumb/v7e-m+fp/hard\libcr_c.a(_fflush.o)
                0x00003b12                _fflush
 .text.fclose   0x00003b64       0x58 c:/nxp/mcuxpressoide_11.5.1_7266/ide/plugins/com.nxp.mcuxpresso.tools.win32_11.5.1.202201181444/tools/bin/../lib/gcc/arm-none-eabi/10.3.1/../../../../arm-none-eabi/lib/thumb/v7e-m+fp/hard\libcr_c.a(fclose.o)
                0x00003b64                fclose
 .text.remove   0x00003bbc       0x14 c:/nxp/mcuxpressoide_11.5.1_7266/ide/plugins/com.nxp.mcuxpresso.tools.win32_11.5.1.202201181444/tools/bin/../lib/gcc/arm-none-eabi/10.3.1/../../../../arm-none-eabi/lib/thumb/v7e-m+fp/hard\libcr_c.a(remove.o)
                0x00003bbc                remove
 .text._do_fflush
                0x00003bd0       0x40 c:/nxp/mcuxpressoide_11.5.1_7266/ide/plugins/com.nxp.mcuxpresso.tools.win32_11.5.1.202201181444/tools/bin/../lib/gcc/arm-none-eabi/10.3.1/../../../../arm-none-eabi/lib/thumb/v7e-m+fp/hard\libcr_c.a(_do_fflush.o)
                0x00003bd0                _do_fflush
 .text.__aeabi_memcpy
                0x00003c10       0x34 c:/nxp/mcuxpressoide_11.5.1_7266/ide/plugins/com.nxp.mcuxpresso.tools.win32_11.5.1.202201181444/tools/bin/../lib/gcc/arm-none-eabi/10.3.1/thumb/v7e-m+fp/hard\libcr_eabihelpers.a(memcpy.o)
                0x00003c10                __aeabi_memcpy
                0x00003c1a                __aeabi_memcpy8
                0x00003c1a                __aeabi_memcpy4
 .text.__aeabi_memset_lowlevel
                0x00003c44       0x32 c:/nxp/mcuxpressoide_11.5.1_7266/ide/plugins/com.nxp.mcuxpresso.tools.win32_11.5.1.202201181444/tools/bin/../lib/gcc/arm-none-eabi/10.3.1/thumb/v7e-m+fp/hard\libcr_eabihelpers.a(memcpy.o)
                0x00003c44                __aeabi_lowlevel_memset
 .text.__sys_close
                0x00003c76        0x6 c:/nxp/mcuxpressoide_11.5.1_7266/ide/plugins/com.nxp.mcuxpresso.tools.win32_11.5.1.202201181444/tools/bin/../lib/gcc/arm-none-eabi/10.3.1/../../../../arm-none-eabi/lib/thumb/v7e-m+fp/hard\libcr_nohost_nf.a(__sys_close.o)
                0x00003c76                __sys_close
 .text.__sys_flen
                0x00003c7c        0x6 c:/nxp/mcuxpressoide_11.5.1_7266/ide/plugins/com.nxp.mcuxpresso.tools.win32_11.5.1.202201181444/tools/bin/../lib/gcc/arm-none-eabi/10.3.1/../../../../arm-none-eabi/lib/thumb/v7e-m+fp/hard\libcr_nohost_nf.a(__sys_flen.o)
                0x00003c7c                __sys_flen
 .text.__sys_istty
                0x00003c82        0x6 c:/nxp/mcuxpressoide_11.5.1_7266/ide/plugins/com.nxp.mcuxpresso.tools.win32_11.5.1.202201181444/tools/bin/../lib/gcc/arm-none-eabi/10.3.1/../../../../arm-none-eabi/lib/thumb/v7e-m+fp/hard\libcr_nohost_nf.a(__sys_istty.o)
                0x00003c82                __sys_istty
 .text.__sys_remove
                0x00003c88        0x6 c:/nxp/mcuxpressoide_11.5.1_7266/ide/plugins/com.nxp.mcuxpresso.tools.win32_11.5.1.202201181444/tools/bin/../lib/gcc/arm-none-eabi/10.3.1/../../../../arm-none-eabi/lib/thumb/v7e-m+fp/hard\libcr_nohost_nf.a(__sys_remove.o)
                0x00003c88                __sys_remove
 .text.__sys_seek
                0x00003c8e        0x6 c:/nxp/mcuxpressoide_11.5.1_7266/ide/plugins/com.nxp.mcuxpresso.tools.win32_11.5.1.202201181444/tools/bin/../lib/gcc/arm-none-eabi/10.3.1/../../../../arm-none-eabi/lib/thumb/v7e-m+fp/hard\libcr_nohost_nf.a(__sys_seek.o)
                0x00003c8e                __sys_seek
 .text.__sys_tmpnam
                0x00003c94        0x6 c:/nxp/mcuxpressoide_11.5.1_7266/ide/plugins/com.nxp.mcuxpresso.tools.win32_11.5.1.202201181444/tools/bin/../lib/gcc/arm-none-eabi/10.3.1/../../../../arm-none-eabi/lib/thumb/v7e-m+fp/hard\libcr_nohost_nf.a(__sys_tmpnam.o)
                0x00003c94                __sys_tmpnam
 .text.__sys_write
                0x00003c9a        0x4 c:/nxp/mcuxpressoide_11.5.1_7266/ide/plugins/com.nxp.mcuxpresso.tools.win32_11.5.1.202201181444/tools/bin/../lib/gcc/arm-none-eabi/10.3.1/../../../../arm-none-eabi/lib/thumb/v7e-m+fp/hard\libcr_nohost_nf.a(__sys_write.o)
                0x00003c9a                __sys_write
 *(SORT_BY_ALIGNMENT(.rodata) SORT_BY_ALIGNMENT(.rodata.*) SORT_BY_ALIGNMENT(.constdata) SORT_BY_ALIGNMENT(.constdata.*))
 *fill*         0x00003c9e        0x2 ff
 .rodata.__assertion_failed.str1.4
                0x00003ca0       0x14 ./utilities/fsl_assert.o
 .rodata.FTM_CalculateCounterClkDiv.str1.4
                0x00003cb4      0x125 ./source/Motor_Controller.o
 *fill*         0x00003dd9        0x3 ff
 .rodata.forward.str1.4
                0x00003ddc       0x82 ./source/Motor_Controller.o
 *fill*         0x00003e5e        0x2 ff
 .rodata.CLOCK_GetMcgExtClkFreq.str1.4
                0x00003e60       0x49 ./drivers/fsl_clock.o
 *fill*         0x00003ea9        0x3 ff
 .rodata.CLOCK_GetOsc0ErClkFreq.str1.4
                0x00003eac       0x1e ./drivers/fsl_clock.o
 *fill*         0x00003eca        0x2 ff
 .rodata.CLOCK_GetEr32kClkFreq.str1.4
                0x00003ecc       0x1f ./drivers/fsl_clock.o
 *fill*         0x00003eeb        0x1 ff
 .rodata.CLOCK_GetPll0Freq.str1.4
                0x00003eec       0x1d ./drivers/fsl_clock.o
 *fill*         0x00003f09        0x3 ff
 .rodata.CLOCK_EnablePll0.str1.4
                0x00003f0c       0x1a ./drivers/fsl_clock.o
 *fill*         0x00003f26        0x2 ff
 .rodata.CLOCK_SetPbeMode.str1.4
                0x00003f28       0x1a ./drivers/fsl_clock.o
 *fill*         0x00003f42        0x2 ff
 .rodata.CLOCK_BootToPeeMode.str1.4
                0x00003f44       0x1a ./drivers/fsl_clock.o
 *fill*         0x00003f5e        0x2 ff
 .rodata.fllFactorTable.1
                0x00003f60       0x10 ./drivers/fsl_clock.o
 .rodata.s_ftmBases
                0x00003f70       0x10 ./drivers/fsl_ftm.o
 .rodata.s_ftmClocks
                0x00003f80       0x10 ./drivers/fsl_ftm.o
 .rodata.FTM_GetInstance.str1.4
                0x00003f90       0x28 ./drivers/fsl_ftm.o
 .rodata.FTM_SetPwmSync.str1.4
                0x00003fb8       0x3a ./drivers/fsl_ftm.o
 *fill*         0x00003ff2        0x2 ff
 .rodata.FTM_SetReloadPoints.str1.4
                0x00003ff4       0x20 ./drivers/fsl_ftm.o
 .rodata.FTM_Init.str1.4
                0x00004014       0x17 ./drivers/fsl_ftm.o
 *fill*         0x0000402b        0x1 ff
 .rodata.FTM_GetDefaultConfig.str1.4
                0x0000402c       0x1f ./drivers/fsl_ftm.o
 *fill*         0x0000404b        0x1 ff
 .rodata.FTM_SetupPwm.str1.4
                0x0000404c       0x23 ./drivers/fsl_ftm.o
 *fill*         0x0000406f        0x1 ff
 .rodata.GPIO_PinInit.str1.4
                0x00004070       0x20 ./drivers/fsl_gpio.o
 .rodata.s_uartBases
                0x00004090       0x18 ./drivers/fsl_uart.o
 .rodata.s_uartClock
                0x000040a8       0x18 ./drivers/fsl_uart.o
 .rodata.UART_GetInstance.str1.4
                0x000040c0       0x2b ./drivers/fsl_uart.o
 *fill*         0x000040eb        0x1 ff
 .rodata.UART_Init.str1.4
                0x000040ec       0xfb ./drivers/fsl_uart.o
 *fill*         0x000041e7        0x1 ff
 .rodata.UART_GetDefaultConfig.str1.4
                0x000041e8       0x20 ./drivers/fsl_uart.o
 .rodata.s_UartAdapterBase
                0x00004208       0x18 ./component/uart/fsl_adapter_uart.o
 .rodata.HAL_UartInit.str1.4
                0x00004220       0xdd ./component/uart/fsl_adapter_uart.o
 *fill*         0x000042fd        0x3 ff
 .rodata.HAL_UartSendBlocking.str1.4
                0x00004300       0x60 ./component/uart/fsl_adapter_uart.o
 .rodata.mcgConfig_BOARD_BootClockRUN
                0x00004360        0xb ./board/clock_config.o
                0x00004360                mcgConfig_BOARD_BootClockRUN
 *fill*         0x0000436b        0x1 ff
 .rodata.simConfig_BOARD_BootClockRUN
                0x0000436c        0x8 ./board/clock_config.o
                0x0000436c                simConfig_BOARD_BootClockRUN
 .rodata.oscConfig_BOARD_BootClockRUN
                0x00004374        0x8 ./board/clock_config.o
                0x00004374                oscConfig_BOARD_BootClockRUN
 .rodata.PORT_SetPinConfig.str1.4
                0x0000437c       0x6e ./board/pin_mux.o
 *fill*         0x000043ea        0x2 ff
 .rodata.__num_Ciob_streams
                0x000043ec        0x4 c:/nxp/mcuxpressoide_11.5.1_7266/ide/plugins/com.nxp.mcuxpresso.tools.win32_11.5.1.202201181444/tools/bin/../lib/gcc/arm-none-eabi/10.3.1/../../../../arm-none-eabi/lib/thumb/v7e-m+fp/hard\libcr_nohost_nf.a(__ciob.o)
                0x000043ec                __num_Ciob_streams
 .rodata._initio.str1.1
                0x000043f0        0x4 c:/nxp/mcuxpressoide_11.5.1_7266/ide/plugins/com.nxp.mcuxpresso.tools.win32_11.5.1.202201181444/tools/bin/../lib/gcc/arm-none-eabi/10.3.1/../../../../arm-none-eabi/lib/thumb/v7e-m+fp/hard\libcr_c.a(initio.o)
                0x000043f8                . = ALIGN (0x8)
 *fill*         0x000043f4        0x4 ff
                0x000043f8                _etext = .

.glue_7         0x000043f8        0x0
 .glue_7        0x000043f8        0x0 linker stubs

.glue_7t        0x000043f8        0x0
 .glue_7t       0x000043f8        0x0 linker stubs

.vfp11_veneer   0x000043f8        0x0
 .vfp11_veneer  0x000043f8        0x0 linker stubs

.v4_bx          0x000043f8        0x0
 .v4_bx         0x000043f8        0x0 linker stubs

.iplt           0x000043f8        0x0
 .iplt          0x000043f8        0x0 ./utilities/fsl_assert.o

.rel.dyn        0x000043f8        0x0
 .rel.iplt      0x000043f8        0x0 ./utilities/fsl_assert.o

.m_usb_data
 *(SORT_BY_ALIGNMENT(m_usb_bdt))

.data_RAM2      0x1fff0000        0x0 load address 0x000043f8
 FILL mask 0xff
                [!provide]                PROVIDE (__start_data_RAM2 = .)
                [!provide]                PROVIDE (__start_data_SRAM_LOWER = .)
 *(SORT_BY_ALIGNMENT(.ramfunc.$RAM2))
 *(SORT_BY_ALIGNMENT(.ramfunc.$SRAM_LOWER))
 *(SORT_BY_ALIGNMENT(.data.$RAM2))
 *(SORT_BY_ALIGNMENT(.data.$SRAM_LOWER))
 *(SORT_BY_ALIGNMENT(.data.$RAM2.*))
 *(SORT_BY_ALIGNMENT(.data.$SRAM_LOWER.*))
                0x1fff0000                . = ALIGN (0x8)
                [!provide]                PROVIDE (__end_data_RAM2 = .)
                [!provide]                PROVIDE (__end_data_SRAM_LOWER = .)

.data_RAM3      0x14000000        0x0 load address 0x000043f8
 FILL mask 0xff
                [!provide]                PROVIDE (__start_data_RAM3 = .)
                [!provide]                PROVIDE (__start_data_FLEX_RAM = .)
 *(SORT_BY_ALIGNMENT(.ramfunc.$RAM3))
 *(SORT_BY_ALIGNMENT(.ramfunc.$FLEX_RAM))
 *(SORT_BY_ALIGNMENT(.data.$RAM3))
 *(SORT_BY_ALIGNMENT(.data.$FLEX_RAM))
 *(SORT_BY_ALIGNMENT(.data.$RAM3.*))
 *(SORT_BY_ALIGNMENT(.data.$FLEX_RAM.*))
                0x14000000                . = ALIGN (0x8)
                [!provide]                PROVIDE (__end_data_RAM3 = .)
                [!provide]                PROVIDE (__end_data_FLEX_RAM = .)

.uninit_RESERVED
                0x20000000        0x0
                0x20000000                _start_uninit_RESERVED = .
 *(SORT_BY_ALIGNMENT(.bss.$RESERVED*))
                0x20000000                . = ALIGN (0x8)
                0x20000000                _end_uninit_RESERVED = .

.data           0x20000000       0x10 load address 0x000043f8
 FILL mask 0xff
                0x20000000                _data = .
                [!provide]                PROVIDE (__start_data_RAM = .)
                [!provide]                PROVIDE (__start_data_SRAM_UPPER = .)
 *(SORT_BY_ALIGNMENT(vtable))
 *(SORT_BY_ALIGNMENT(.ramfunc*))
 *(SORT_BY_ALIGNMENT(CodeQuickAccess))
 *(SORT_BY_ALIGNMENT(DataQuickAccess))
 *(SORT_BY_ALIGNMENT(RamFunction))
 *(SORT_BY_ALIGNMENT(.data*))
 .data.s_slowIrcFreq
                0x20000000        0x4 ./drivers/fsl_clock.o
 .data.s_fastIrcFreq
                0x20000004        0x4 ./drivers/fsl_clock.o
 .data.SystemCoreClock
                0x20000008        0x4 ./device/system_MK64F12.o
                0x20000008                SystemCoreClock
                0x20000010                . = ALIGN (0x8)
 *fill*         0x2000000c        0x4 ff
                0x20000010                _edata = .
                [!provide]                PROVIDE (__end_data_RAM = .)
                [!provide]                PROVIDE (__end_data_SRAM_UPPER = .)

.igot.plt       0x20000010        0x0 load address 0x00004408
 .igot.plt      0x20000010        0x0 ./utilities/fsl_assert.o

.bss_RAM2       0x1fff0000        0x0
                [!provide]                PROVIDE (__start_bss_RAM2 = .)
                [!provide]                PROVIDE (__start_bss_SRAM_LOWER = .)
 *(SORT_BY_ALIGNMENT(.bss.$RAM2))
 *(SORT_BY_ALIGNMENT(.bss.$SRAM_LOWER))
 *(SORT_BY_ALIGNMENT(.bss.$RAM2.*))
 *(SORT_BY_ALIGNMENT(.bss.$SRAM_LOWER.*))
                0x1fff0000                . = ALIGN ((. != 0x0)?0x8:0x1)
                [!provide]                PROVIDE (__end_bss_RAM2 = .)
                [!provide]                PROVIDE (__end_bss_SRAM_LOWER = .)

.bss_RAM3       0x14000000        0x0
                [!provide]                PROVIDE (__start_bss_RAM3 = .)
                [!provide]                PROVIDE (__start_bss_FLEX_RAM = .)
 *(SORT_BY_ALIGNMENT(.bss.$RAM3))
 *(SORT_BY_ALIGNMENT(.bss.$FLEX_RAM))
 *(SORT_BY_ALIGNMENT(.bss.$RAM3.*))
 *(SORT_BY_ALIGNMENT(.bss.$FLEX_RAM.*))
                0x14000000                . = ALIGN ((. != 0x0)?0x8:0x1)
                [!provide]                PROVIDE (__end_bss_RAM3 = .)
                [!provide]                PROVIDE (__end_bss_FLEX_RAM = .)

.bss            0x20000010      0x118
                0x20000010                _bss = .
                [!provide]                PROVIDE (__start_bss_RAM = .)
                [!provide]                PROVIDE (__start_bss_SRAM_UPPER = .)
 *(SORT_BY_ALIGNMENT(.bss*))
 .bss.s_debugConsoleState
                0x20000010       0x20 ./utilities/fsl_debug_console.o
 .bss.g_serialHandle
                0x20000030        0x4 ./utilities/fsl_debug_console.o
                0x20000030                g_serialHandle
 .bss.g_xtal0Freq
                0x20000034        0x4 ./drivers/fsl_clock.o
                0x20000034                g_xtal0Freq
 .bss.g_xtal32Freq
                0x20000038        0x4 ./drivers/fsl_clock.o
                0x20000038                g_xtal32Freq
 .bss.s_i2cHandle
                0x2000003c        0xc ./drivers/fsl_i2c.o
 .bss.s_i2cMasterIsr
                0x20000048        0x4 ./drivers/fsl_i2c.o
 .bss.s_i2cSlaveIsr
                0x2000004c        0x4 ./drivers/fsl_i2c.o
 .bss.s_uartHandle
                0x20000050       0x18 ./drivers/fsl_uart.o
                0x20000050                s_uartHandle
 .bss.s_uartIsr
                0x20000068        0x4 ./drivers/fsl_uart.o
                0x20000068                s_uartIsr
 .bss.errno     0x2000006c        0x4 c:/nxp/mcuxpressoide_11.5.1_7266/ide/plugins/com.nxp.mcuxpresso.tools.win32_11.5.1.202201181444/tools/bin/../lib/gcc/arm-none-eabi/10.3.1/../../../../arm-none-eabi/lib/thumb/v7e-m+fp/hard\libcr_c.a(errno.o)
                0x2000006c                errno
 .bss.__Ciob    0x20000070       0xb4 c:/nxp/mcuxpressoide_11.5.1_7266/ide/plugins/com.nxp.mcuxpresso.tools.win32_11.5.1.202201181444/tools/bin/../lib/gcc/arm-none-eabi/10.3.1/../../../../arm-none-eabi/lib/thumb/v7e-m+fp/hard\libcr_nohost_nf.a(__ciob.o)
                0x20000070                __Ciob
 .bss.s_debugConsoleReadWaitSemaphore
                0x20000124        0x1 ./utilities/fsl_debug_console.o
 *(SORT_BY_ALIGNMENT(COMMON))
                0x20000128                . = ALIGN (0x8)
 *fill*         0x20000125        0x3 
                0x20000128                _ebss = .
                [!provide]                PROVIDE (__end_bss_RAM = .)
                [!provide]                PROVIDE (__end_bss_SRAM_UPPER = .)
                [!provide]                PROVIDE (end = .)

.noinit_RAM2    0x1fff0000        0x0
                [!provide]                PROVIDE (__start_noinit_RAM2 = .)
                [!provide]                PROVIDE (__start_noinit_SRAM_LOWER = .)
 *(SORT_BY_ALIGNMENT(.noinit.$RAM2))
 *(SORT_BY_ALIGNMENT(.noinit.$SRAM_LOWER))
 *(SORT_BY_ALIGNMENT(.noinit.$RAM2.*))
 *(SORT_BY_ALIGNMENT(.noinit.$SRAM_LOWER.*))
                0x1fff0000                . = ALIGN (0x8)
                [!provide]                PROVIDE (__end_noinit_RAM2 = .)
                [!provide]                PROVIDE (__end_noinit_SRAM_LOWER = .)

.noinit_RAM3    0x14000000        0x0
                [!provide]                PROVIDE (__start_noinit_RAM3 = .)
                [!provide]                PROVIDE (__start_noinit_FLEX_RAM = .)
 *(SORT_BY_ALIGNMENT(.noinit.$RAM3))
 *(SORT_BY_ALIGNMENT(.noinit.$FLEX_RAM))
 *(SORT_BY_ALIGNMENT(.noinit.$RAM3.*))
 *(SORT_BY_ALIGNMENT(.noinit.$FLEX_RAM.*))
                0x14000000                . = ALIGN (0x8)
                [!provide]                PROVIDE (__end_noinit_RAM3 = .)
                [!provide]                PROVIDE (__end_noinit_FLEX_RAM = .)

.noinit         0x20000128        0x0
                0x20000128                _noinit = .
                [!provide]                PROVIDE (__start_noinit_RAM = .)
                [!provide]                PROVIDE (__start_noinit_SRAM_UPPER = .)
 *(SORT_BY_ALIGNMENT(.noinit*))
                0x20000128                . = ALIGN (0x8)
                0x20000128                _end_noinit = .
                [!provide]                PROVIDE (__end_noinit_RAM = .)
                [!provide]                PROVIDE (__end_noinit_SRAM_UPPER = .)

.ARM.extab
 *(SORT_BY_ALIGNMENT(.ARM.extab*) SORT_BY_ALIGNMENT(.gnu.linkonce.armextab.*))

.ARM.exidx      0x00004408        0x0
                0x00004408                __exidx_start = .
 *(SORT_BY_ALIGNMENT(.ARM.exidx*) SORT_BY_ALIGNMENT(.gnu.linkonce.armexidx.*))
                0x00004408                __exidx_end = .
                0x00001000                _HeapSize = 0x1000

.heap           0x20000128     0x1000
                0x20000128                _pvHeapStart = .
                0x20001128                . = (. + _HeapSize)
 *fill*         0x20000128     0x1000 
                0x20001128                . = ALIGN (0x8)
                0x20001128                _pvHeapLimit = .
                0x00001000                _StackSize = 0x1000

.heap2stackfill
                0x20001128     0x1000
                0x20002128                . = (. + _StackSize)
 *fill*         0x20001128     0x1000 

.stack          0x2002f000        0x0
                0x2002f000                _vStackBase = .
                0x2002f000                . = ALIGN (0x8)
                0x20030000                _vStackTop = (. + _StackSize)
                0x00000000                _image_start = LOADADDR (.text)
                0x00004408                _image_end = (LOADADDR (.data) + SIZEOF (.data))
                0x00004408                _image_size = (_image_end - _image_start)
OUTPUT(Motor_Controller.axf elf32-littlearm)
LOAD linker stubs

.debug_info     0x00000000     0xdfde
 .debug_info    0x00000000       0xa3 ./utilities/fsl_assert.o
 .debug_info    0x000000a3      0xc24 ./utilities/fsl_debug_console.o
 .debug_info    0x00000cc7      0xafc ./utilities/fsl_str.o
 .debug_info    0x000017c3      0x93a ./startup/startup_mk64f12.o
 .debug_info    0x000020fd      0x8f9 ./source/Motor_Controller.o
 .debug_info    0x000029f6       0x3c ./source/semihost_hardfault.o
 .debug_info    0x00002a32     0x21c3 ./drivers/fsl_clock.o
 .debug_info    0x00004bf5     0x1681 ./drivers/fsl_ftm.o
 .debug_info    0x00006276      0x69c ./drivers/fsl_gpio.o
 .debug_info    0x00006912     0x1e92 ./drivers/fsl_i2c.o
 .debug_info    0x000087a4     0x1f90 ./drivers/fsl_uart.o
 .debug_info    0x0000a734      0x649 ./device/system_MK64F12.o
 .debug_info    0x0000ad7d      0xa7e ./component/uart/fsl_adapter_uart.o
 .debug_info    0x0000b7fb      0x8f9 ./component/serial_manager/fsl_component_serial_manager.o
 .debug_info    0x0000c0f4      0x46b ./component/serial_manager/fsl_component_serial_port_uart.o
 .debug_info    0x0000c55f       0xe8 ./board/board.o
 .debug_info    0x0000c647      0xcca ./board/clock_config.o
 .debug_info    0x0000d311       0x94 ./board/peripherals.o
 .debug_info    0x0000d3a5      0xc39 ./board/pin_mux.o

.debug_abbrev   0x00000000     0x241c
 .debug_abbrev  0x00000000       0x66 ./utilities/fsl_assert.o
 .debug_abbrev  0x00000066      0x232 ./utilities/fsl_debug_console.o
 .debug_abbrev  0x00000298      0x24d ./utilities/fsl_str.o
 .debug_abbrev  0x000004e5      0x185 ./startup/startup_mk64f12.o
 .debug_abbrev  0x0000066a      0x20e ./source/Motor_Controller.o
 .debug_abbrev  0x00000878       0x31 ./source/semihost_hardfault.o
 .debug_abbrev  0x000008a9      0x359 ./drivers/fsl_clock.o
 .debug_abbrev  0x00000c02      0x290 ./drivers/fsl_ftm.o
 .debug_abbrev  0x00000e92      0x186 ./drivers/fsl_gpio.o
 .debug_abbrev  0x00001018      0x363 ./drivers/fsl_i2c.o
 .debug_abbrev  0x0000137b      0x42e ./drivers/fsl_uart.o
 .debug_abbrev  0x000017a9      0x148 ./device/system_MK64F12.o
 .debug_abbrev  0x000018f1      0x1c9 ./component/uart/fsl_adapter_uart.o
 .debug_abbrev  0x00001aba      0x23d ./component/serial_manager/fsl_component_serial_manager.o
 .debug_abbrev  0x00001cf7      0x167 ./component/serial_manager/fsl_component_serial_port_uart.o
 .debug_abbrev  0x00001e5e       0x85 ./board/board.o
 .debug_abbrev  0x00001ee3      0x246 ./board/clock_config.o
 .debug_abbrev  0x00002129       0x61 ./board/peripherals.o
 .debug_abbrev  0x0000218a      0x292 ./board/pin_mux.o

.debug_aranges  0x00000000      0xe28
 .debug_aranges
                0x00000000       0x20 ./utilities/fsl_assert.o
 .debug_aranges
                0x00000020       0xa8 ./utilities/fsl_debug_console.o
 .debug_aranges
                0x000000c8       0xb8 ./utilities/fsl_str.o
 .debug_aranges
                0x00000180      0x330 ./startup/startup_mk64f12.o
 .debug_aranges
                0x000004b0       0x60 ./source/Motor_Controller.o
 .debug_aranges
                0x00000510       0x20 ./source/semihost_hardfault.o
 .debug_aranges
                0x00000530      0x1f8 ./drivers/fsl_clock.o
 .debug_aranges
                0x00000728       0xd8 ./drivers/fsl_ftm.o
 .debug_aranges
                0x00000800       0x40 ./drivers/fsl_gpio.o
 .debug_aranges
                0x00000840      0x180 ./drivers/fsl_i2c.o
 .debug_aranges
                0x000009c0      0x1b8 ./drivers/fsl_uart.o
 .debug_aranges
                0x00000b78       0x30 ./device/system_MK64F12.o
 .debug_aranges
                0x00000ba8       0x50 ./component/uart/fsl_adapter_uart.o
 .debug_aranges
                0x00000bf8       0x98 ./component/serial_manager/fsl_component_serial_manager.o
 .debug_aranges
                0x00000c90       0x48 ./component/serial_manager/fsl_component_serial_port_uart.o
 .debug_aranges
                0x00000cd8       0x20 ./board/board.o
 .debug_aranges
                0x00000cf8       0x80 ./board/clock_config.o
 .debug_aranges
                0x00000d78       0x28 ./board/peripherals.o
 .debug_aranges
                0x00000da0       0x88 ./board/pin_mux.o

.debug_ranges   0x00000000      0xd28
 .debug_ranges  0x00000000       0x10 ./utilities/fsl_assert.o
 .debug_ranges  0x00000010       0x98 ./utilities/fsl_debug_console.o
 .debug_ranges  0x000000a8       0xd8 ./utilities/fsl_str.o
 .debug_ranges  0x00000180      0x320 ./startup/startup_mk64f12.o
 .debug_ranges  0x000004a0       0x50 ./source/Motor_Controller.o
 .debug_ranges  0x000004f0       0x10 ./source/semihost_hardfault.o
 .debug_ranges  0x00000500      0x1e8 ./drivers/fsl_clock.o
 .debug_ranges  0x000006e8       0xc8 ./drivers/fsl_ftm.o
 .debug_ranges  0x000007b0       0x30 ./drivers/fsl_gpio.o
 .debug_ranges  0x000007e0      0x170 ./drivers/fsl_i2c.o
 .debug_ranges  0x00000950      0x1a8 ./drivers/fsl_uart.o
 .debug_ranges  0x00000af8       0x20 ./device/system_MK64F12.o
 .debug_ranges  0x00000b18       0x40 ./component/uart/fsl_adapter_uart.o
 .debug_ranges  0x00000b58       0x88 ./component/serial_manager/fsl_component_serial_manager.o
 .debug_ranges  0x00000be0       0x38 ./component/serial_manager/fsl_component_serial_port_uart.o
 .debug_ranges  0x00000c18       0x10 ./board/board.o
 .debug_ranges  0x00000c28       0x70 ./board/clock_config.o
 .debug_ranges  0x00000c98       0x18 ./board/peripherals.o
 .debug_ranges  0x00000cb0       0x78 ./board/pin_mux.o

.debug_macro    0x00000000    0x14a6a
 .debug_macro   0x00000000      0x150 ./utilities/fsl_assert.o
 .debug_macro   0x00000150      0xaae ./utilities/fsl_assert.o
 .debug_macro   0x00000bfe       0x10 ./utilities/fsl_assert.o
 .debug_macro   0x00000c0e       0x1c ./utilities/fsl_assert.o
 .debug_macro   0x00000c2a       0x22 ./utilities/fsl_assert.o
 .debug_macro   0x00000c4c      0x12e ./utilities/fsl_assert.o
 .debug_macro   0x00000d7a      0x5b3 ./utilities/fsl_assert.o
 .debug_macro   0x0000132d       0x22 ./utilities/fsl_assert.o
 .debug_macro   0x0000134f       0x10 ./utilities/fsl_assert.o
 .debug_macro   0x0000135f       0x58 ./utilities/fsl_assert.o
 .debug_macro   0x000013b7       0x1c ./utilities/fsl_assert.o
 .debug_macro   0x000013d3       0x22 ./utilities/fsl_assert.o
 .debug_macro   0x000013f5       0xfb ./utilities/fsl_assert.o
 .debug_macro   0x000014f0      0xeeb ./utilities/fsl_assert.o
 .debug_macro   0x000023db       0x40 ./utilities/fsl_assert.o
 .debug_macro   0x0000241b     0xec5f ./utilities/fsl_assert.o
 .debug_macro   0x0001107a     0x12e8 ./utilities/fsl_assert.o
 .debug_macro   0x00012362       0x7a ./utilities/fsl_assert.o
 .debug_macro   0x000123dc       0xa8 ./utilities/fsl_assert.o
 .debug_macro   0x00012484      0x174 ./utilities/fsl_assert.o
 .debug_macro   0x000125f8       0x70 ./utilities/fsl_assert.o
 .debug_macro   0x00012668       0x46 ./utilities/fsl_assert.o
 .debug_macro   0x000126ae       0x16 ./utilities/fsl_assert.o
 .debug_macro   0x000126c4       0x66 ./utilities/fsl_assert.o
 .debug_macro   0x0001272a       0x16 ./utilities/fsl_assert.o
 .debug_macro   0x00012740       0x1c ./utilities/fsl_assert.o
 .debug_macro   0x0001275c       0x1c ./utilities/fsl_assert.o
 .debug_macro   0x00012778      0x1c8 ./utilities/fsl_debug_console.o
 .debug_macro   0x00012940       0x16 ./utilities/fsl_debug_console.o
 .debug_macro   0x00012956       0x10 ./utilities/fsl_debug_console.o
 .debug_macro   0x00012966       0x28 ./utilities/fsl_debug_console.o
 .debug_macro   0x0001298e       0x16 ./utilities/fsl_debug_console.o
 .debug_macro   0x000129a4       0x50 ./utilities/fsl_debug_console.o
 .debug_macro   0x000129f4       0x1c ./utilities/fsl_debug_console.o
 .debug_macro   0x00012a10      0x14e ./utilities/fsl_str.o
 .debug_macro   0x00012b5e       0xc4 ./utilities/fsl_str.o
 .debug_macro   0x00012c22      0x1c7 ./utilities/fsl_str.o
 .debug_macro   0x00012de9       0x56 ./utilities/fsl_str.o
 .debug_macro   0x00012e3f       0x29 ./startup/startup_mk64f12.o
 .debug_macro   0x00012e68      0x22e ./source/Motor_Controller.o
 .debug_macro   0x00013096       0xd8 ./source/Motor_Controller.o
 .debug_macro   0x0001316e       0x16 ./source/Motor_Controller.o
 .debug_macro   0x00013184       0x16 ./source/Motor_Controller.o
 .debug_macro   0x0001319a       0x16 ./source/Motor_Controller.o
 .debug_macro   0x000131b0      0x1ab ./source/Motor_Controller.o
 .debug_macro   0x0001335b      0x2ca ./source/Motor_Controller.o
 .debug_macro   0x00013625       0x10 ./source/Motor_Controller.o
 .debug_macro   0x00013635       0xc4 ./source/Motor_Controller.o
 .debug_macro   0x000136f9      0x16f ./source/Motor_Controller.o
 .debug_macro   0x00013868       0xc8 ./source/Motor_Controller.o
 .debug_macro   0x00013930       0x11 ./source/semihost_hardfault.o
 .debug_macro   0x00013941      0x1d8 ./drivers/fsl_clock.o
 .debug_macro   0x00013b19      0x122 ./drivers/fsl_ftm.o
 .debug_macro   0x00013c3b      0x121 ./drivers/fsl_gpio.o
 .debug_macro   0x00013d5c       0x10 ./drivers/fsl_gpio.o
 .debug_macro   0x00013d6c      0x121 ./drivers/fsl_i2c.o
 .debug_macro   0x00013e8d       0x1c ./drivers/fsl_i2c.o
 .debug_macro   0x00013ea9      0x127 ./drivers/fsl_uart.o
 .debug_macro   0x00013fd0       0x10 ./drivers/fsl_uart.o
 .debug_macro   0x00013fe0       0x98 ./device/system_MK64F12.o
 .debug_macro   0x00014078      0x11e ./component/uart/fsl_adapter_uart.o
 .debug_macro   0x00014196       0x16 ./component/uart/fsl_adapter_uart.o
 .debug_macro   0x000141ac       0x46 ./component/uart/fsl_adapter_uart.o
 .debug_macro   0x000141f2      0x185 ./component/serial_manager/fsl_component_serial_manager.o
 .debug_macro   0x00014377       0x6a ./component/serial_manager/fsl_component_serial_manager.o
 .debug_macro   0x000143e1      0x14f ./component/serial_manager/fsl_component_serial_port_uart.o
 .debug_macro   0x00014530      0x180 ./board/board.o
 .debug_macro   0x000146b0      0x17d ./board/clock_config.o
 .debug_macro   0x0001482d      0x116 ./board/peripherals.o
 .debug_macro   0x00014943      0x127 ./board/pin_mux.o

.debug_line     0x00000000     0xa7c3
 .debug_line    0x00000000      0x4cc ./utilities/fsl_assert.o
 .debug_line    0x000004cc      0x8dd ./utilities/fsl_debug_console.o
 .debug_line    0x00000da9      0xb14 ./utilities/fsl_str.o
 .debug_line    0x000018bd      0x911 ./startup/startup_mk64f12.o
 .debug_line    0x000021ce      0x87d ./source/Motor_Controller.o
 .debug_line    0x00002a4b       0x59 ./source/semihost_hardfault.o
 .debug_line    0x00002aa4     0x14ee ./drivers/fsl_clock.o
 .debug_line    0x00003f92     0x100d ./drivers/fsl_ftm.o
 .debug_line    0x00004f9f      0x418 ./drivers/fsl_gpio.o
 .debug_line    0x000053b7     0x13db ./drivers/fsl_i2c.o
 .debug_line    0x00006792     0x14c8 ./drivers/fsl_uart.o
 .debug_line    0x00007c5a      0x3f2 ./device/system_MK64F12.o
 .debug_line    0x0000804c      0x545 ./component/uart/fsl_adapter_uart.o
 .debug_line    0x00008591      0x7de ./component/serial_manager/fsl_component_serial_manager.o
 .debug_line    0x00008d6f      0x599 ./component/serial_manager/fsl_component_serial_port_uart.o
 .debug_line    0x00009308      0x553 ./board/board.o
 .debug_line    0x0000985b      0x555 ./board/clock_config.o
 .debug_line    0x00009db0      0x3a7 ./board/peripherals.o
 .debug_line    0x0000a157      0x66c ./board/pin_mux.o

.debug_str      0x00000000    0x859fc
 .debug_str     0x00000000    0x7a7af ./utilities/fsl_assert.o
                              0x7a83a (size before relaxing)
 .debug_str     0x0007a7af     0x1563 ./utilities/fsl_debug_console.o
                              0x7bdf7 (size before relaxing)
 .debug_str     0x0007bd12      0xc0a ./utilities/fsl_str.o
                              0x7ab87 (size before relaxing)
 .debug_str     0x0007c91c      0x7e0 ./startup/startup_mk64f12.o
                               0x3638 (size before relaxing)
 .debug_str     0x0007d0fc     0x2c27 ./source/Motor_Controller.o
                              0x7dacf (size before relaxing)
 .debug_str     0x0007fd23       0x1f ./source/semihost_hardfault.o
                               0x2ddd (size before relaxing)
 .debug_str     0x0007fd42     0x1cdc ./drivers/fsl_clock.o
                              0x7c534 (size before relaxing)
 .debug_str     0x00081a1e      0xa03 ./drivers/fsl_ftm.o
                              0x7b93b (size before relaxing)
 .debug_str     0x00082421       0xe0 ./drivers/fsl_gpio.o
                              0x7a805 (size before relaxing)
 .debug_str     0x00082501     0x11b0 ./drivers/fsl_i2c.o
                              0x7bc23 (size before relaxing)
 .debug_str     0x000836b1      0xe11 ./drivers/fsl_uart.o
                              0x7be6e (size before relaxing)
 .debug_str     0x000844c2      0x127 ./device/system_MK64F12.o
                              0x7841d (size before relaxing)
 .debug_str     0x000845e9      0x2ec ./component/uart/fsl_adapter_uart.o
                              0x7adef (size before relaxing)
 .debug_str     0x000848d5      0x40b ./component/serial_manager/fsl_component_serial_manager.o
                              0x7ae80 (size before relaxing)
 .debug_str     0x00084ce0      0x106 ./component/serial_manager/fsl_component_serial_port_uart.o
                              0x7abd7 (size before relaxing)
 .debug_str     0x00084de6       0x37 ./board/board.o
                              0x7b5b8 (size before relaxing)
 .debug_str     0x00084e1d      0x506 ./board/clock_config.o
                              0x7b021 (size before relaxing)
 .debug_str     0x00085323       0x47 ./board/peripherals.o
                              0x79d39 (size before relaxing)
 .debug_str     0x0008536a      0x692 ./board/pin_mux.o
                              0x7b4d9 (size before relaxing)

.comment        0x00000000       0x49
 .comment       0x00000000       0x49 ./utilities/fsl_assert.o
                                 0x4a (size before relaxing)
 .comment       0x00000049       0x4a ./utilities/fsl_debug_console.o
 .comment       0x00000049       0x4a ./utilities/fsl_str.o
 .comment       0x00000049       0x4a ./startup/startup_mk64f12.o
 .comment       0x00000049       0x4a ./source/Motor_Controller.o
 .comment       0x00000049       0x4a ./source/semihost_hardfault.o
 .comment       0x00000049       0x4a ./drivers/fsl_clock.o
 .comment       0x00000049       0x4a ./drivers/fsl_ftm.o
 .comment       0x00000049       0x4a ./drivers/fsl_gpio.o
 .comment       0x00000049       0x4a ./drivers/fsl_i2c.o
 .comment       0x00000049       0x4a ./drivers/fsl_uart.o
 .comment       0x00000049       0x4a ./device/system_MK64F12.o
 .comment       0x00000049       0x4a ./component/uart/fsl_adapter_uart.o
 .comment       0x00000049       0x4a ./component/serial_manager/fsl_component_serial_manager.o
 .comment       0x00000049       0x4a ./component/serial_manager/fsl_component_serial_port_uart.o
 .comment       0x00000049       0x4a ./board/board.o
 .comment       0x00000049       0x4a ./board/clock_config.o
 .comment       0x00000049       0x4a ./board/peripherals.o
 .comment       0x00000049       0x4a ./board/pin_mux.o
 .comment       0x00000049       0x4a c:/nxp/mcuxpressoide_11.5.1_7266/ide/plugins/com.nxp.mcuxpresso.tools.win32_11.5.1.202201181444/tools/bin/../lib/gcc/arm-none-eabi/10.3.1/../../../../arm-none-eabi/lib/thumb/v7e-m+fp/hard\libcr_nohost_nf.a(_cr__main.o)
 .comment       0x00000049       0x4a c:/nxp/mcuxpressoide_11.5.1_7266/ide/plugins/com.nxp.mcuxpresso.tools.win32_11.5.1.202201181444/tools/bin/../lib/gcc/arm-none-eabi/10.3.1/../../../../arm-none-eabi/lib/thumb/v7e-m+fp/hard\libcr_c.a(memcpy.o)
 .comment       0x00000049       0x4a c:/nxp/mcuxpressoide_11.5.1_7266/ide/plugins/com.nxp.mcuxpresso.tools.win32_11.5.1.202201181444/tools/bin/../lib/gcc/arm-none-eabi/10.3.1/../../../../arm-none-eabi/lib/thumb/v7e-m+fp/hard\libcr_c.a(memset.o)
 .comment       0x00000049       0x4a c:/nxp/mcuxpressoide_11.5.1_7266/ide/plugins/com.nxp.mcuxpresso.tools.win32_11.5.1.202201181444/tools/bin/../lib/gcc/arm-none-eabi/10.3.1/../../../../arm-none-eabi/lib/thumb/v7e-m+fp/hard\libcr_c.a(alloc.o)
 .comment       0x00000049       0x4a c:/nxp/mcuxpressoide_11.5.1_7266/ide/plugins/com.nxp.mcuxpresso.tools.win32_11.5.1.202201181444/tools/bin/../lib/gcc/arm-none-eabi/10.3.1/../../../../arm-none-eabi/lib/thumb/v7e-m+fp/hard\libcr_c.a(errno.o)
 .comment       0x00000049       0x4a c:/nxp/mcuxpressoide_11.5.1_7266/ide/plugins/com.nxp.mcuxpresso.tools.win32_11.5.1.202201181444/tools/bin/../lib/gcc/arm-none-eabi/10.3.1/../../../../arm-none-eabi/lib/thumb/v7e-m+fp/hard\libcr_c.a(initio.o)
 .comment       0x00000049       0x4a c:/nxp/mcuxpressoide_11.5.1_7266/ide/plugins/com.nxp.mcuxpresso.tools.win32_11.5.1.202201181444/tools/bin/../lib/gcc/arm-none-eabi/10.3.1/../../../../arm-none-eabi/lib/thumb/v7e-m+fp/hard\libcr_c.a(setvbuf.o)
 .comment       0x00000049       0x4a c:/nxp/mcuxpressoide_11.5.1_7266/ide/plugins/com.nxp.mcuxpresso.tools.win32_11.5.1.202201181444/tools/bin/../lib/gcc/arm-none-eabi/10.3.1/../../../../arm-none-eabi/lib/thumb/v7e-m+fp/hard\libcr_c.a(strlen.o)
 .comment       0x00000049       0x4a c:/nxp/mcuxpressoide_11.5.1_7266/ide/plugins/com.nxp.mcuxpresso.tools.win32_11.5.1.202201181444/tools/bin/../lib/gcc/arm-none-eabi/10.3.1/../../../../arm-none-eabi/lib/thumb/v7e-m+fp/hard\libcr_c.a(_deferredlazyseek.o)
 .comment       0x00000049       0x4a c:/nxp/mcuxpressoide_11.5.1_7266/ide/plugins/com.nxp.mcuxpresso.tools.win32_11.5.1.202201181444/tools/bin/../lib/gcc/arm-none-eabi/10.3.1/../../../../arm-none-eabi/lib/thumb/v7e-m+fp/hard\libcr_c.a(_fdopen.o)
 .comment       0x00000049       0x4a c:/nxp/mcuxpressoide_11.5.1_7266/ide/plugins/com.nxp.mcuxpresso.tools.win32_11.5.1.202201181444/tools/bin/../lib/gcc/arm-none-eabi/10.3.1/../../../../arm-none-eabi/lib/thumb/v7e-m+fp/hard\libcr_c.a(_fflush.o)
 .comment       0x00000049       0x4a c:/nxp/mcuxpressoide_11.5.1_7266/ide/plugins/com.nxp.mcuxpresso.tools.win32_11.5.1.202201181444/tools/bin/../lib/gcc/arm-none-eabi/10.3.1/../../../../arm-none-eabi/lib/thumb/v7e-m+fp/hard\libcr_c.a(_writebuf.o)
 .comment       0x00000049       0x4a c:/nxp/mcuxpressoide_11.5.1_7266/ide/plugins/com.nxp.mcuxpresso.tools.win32_11.5.1.202201181444/tools/bin/../lib/gcc/arm-none-eabi/10.3.1/../../../../arm-none-eabi/lib/thumb/v7e-m+fp/hard\libcr_c.a(fclose.o)
 .comment       0x00000049       0x4a c:/nxp/mcuxpressoide_11.5.1_7266/ide/plugins/com.nxp.mcuxpresso.tools.win32_11.5.1.202201181444/tools/bin/../lib/gcc/arm-none-eabi/10.3.1/../../../../arm-none-eabi/lib/thumb/v7e-m+fp/hard\libcr_c.a(fflush.o)
 .comment       0x00000049       0x4a c:/nxp/mcuxpressoide_11.5.1_7266/ide/plugins/com.nxp.mcuxpresso.tools.win32_11.5.1.202201181444/tools/bin/../lib/gcc/arm-none-eabi/10.3.1/../../../../arm-none-eabi/lib/thumb/v7e-m+fp/hard\libcr_c.a(fseek.o)
 .comment       0x00000049       0x4a c:/nxp/mcuxpressoide_11.5.1_7266/ide/plugins/com.nxp.mcuxpresso.tools.win32_11.5.1.202201181444/tools/bin/../lib/gcc/arm-none-eabi/10.3.1/../../../../arm-none-eabi/lib/thumb/v7e-m+fp/hard\libcr_c.a(ftell.o)
 .comment       0x00000049       0x4a c:/nxp/mcuxpressoide_11.5.1_7266/ide/plugins/com.nxp.mcuxpresso.tools.win32_11.5.1.202201181444/tools/bin/../lib/gcc/arm-none-eabi/10.3.1/../../../../arm-none-eabi/lib/thumb/v7e-m+fp/hard\libcr_c.a(remove.o)
 .comment       0x00000049       0x4a c:/nxp/mcuxpressoide_11.5.1_7266/ide/plugins/com.nxp.mcuxpresso.tools.win32_11.5.1.202201181444/tools/bin/../lib/gcc/arm-none-eabi/10.3.1/../../../../arm-none-eabi/lib/thumb/v7e-m+fp/hard\libcr_c.a(_do_fflush.o)
 .comment       0x00000049       0x4a c:/nxp/mcuxpressoide_11.5.1_7266/ide/plugins/com.nxp.mcuxpresso.tools.win32_11.5.1.202201181444/tools/bin/../lib/gcc/arm-none-eabi/10.3.1/../../../../arm-none-eabi/lib/thumb/v7e-m+fp/hard\libcr_nohost_nf.a(__ciob.o)
 .comment       0x00000049       0x4a c:/nxp/mcuxpressoide_11.5.1_7266/ide/plugins/com.nxp.mcuxpresso.tools.win32_11.5.1.202201181444/tools/bin/../lib/gcc/arm-none-eabi/10.3.1/../../../../arm-none-eabi/lib/thumb/v7e-m+fp/hard\libcr_nohost_nf.a(__sys_close.o)
 .comment       0x00000049       0x4a c:/nxp/mcuxpressoide_11.5.1_7266/ide/plugins/com.nxp.mcuxpresso.tools.win32_11.5.1.202201181444/tools/bin/../lib/gcc/arm-none-eabi/10.3.1/../../../../arm-none-eabi/lib/thumb/v7e-m+fp/hard\libcr_nohost_nf.a(__sys_flen.o)
 .comment       0x00000049       0x4a c:/nxp/mcuxpressoide_11.5.1_7266/ide/plugins/com.nxp.mcuxpresso.tools.win32_11.5.1.202201181444/tools/bin/../lib/gcc/arm-none-eabi/10.3.1/../../../../arm-none-eabi/lib/thumb/v7e-m+fp/hard\libcr_nohost_nf.a(__sys_istty.o)
 .comment       0x00000049       0x4a c:/nxp/mcuxpressoide_11.5.1_7266/ide/plugins/com.nxp.mcuxpresso.tools.win32_11.5.1.202201181444/tools/bin/../lib/gcc/arm-none-eabi/10.3.1/../../../../arm-none-eabi/lib/thumb/v7e-m+fp/hard\libcr_nohost_nf.a(__sys_remove.o)
 .comment       0x00000049       0x4a c:/nxp/mcuxpressoide_11.5.1_7266/ide/plugins/com.nxp.mcuxpresso.tools.win32_11.5.1.202201181444/tools/bin/../lib/gcc/arm-none-eabi/10.3.1/../../../../arm-none-eabi/lib/thumb/v7e-m+fp/hard\libcr_nohost_nf.a(__sys_seek.o)
 .comment       0x00000049       0x4a c:/nxp/mcuxpressoide_11.5.1_7266/ide/plugins/com.nxp.mcuxpresso.tools.win32_11.5.1.202201181444/tools/bin/../lib/gcc/arm-none-eabi/10.3.1/../../../../arm-none-eabi/lib/thumb/v7e-m+fp/hard\libcr_nohost_nf.a(__sys_tmpnam.o)
 .comment       0x00000049       0x4a c:/nxp/mcuxpressoide_11.5.1_7266/ide/plugins/com.nxp.mcuxpresso.tools.win32_11.5.1.202201181444/tools/bin/../lib/gcc/arm-none-eabi/10.3.1/../../../../arm-none-eabi/lib/thumb/v7e-m+fp/hard\libcr_nohost_nf.a(__sys_write.o)

.ARM.attributes
                0x00000000       0x32
 .ARM.attributes
                0x00000000       0x34 ./utilities/fsl_assert.o
 .ARM.attributes
                0x00000034       0x34 ./utilities/fsl_debug_console.o
 .ARM.attributes
                0x00000068       0x34 ./utilities/fsl_str.o
 .ARM.attributes
                0x0000009c       0x34 ./startup/startup_mk64f12.o
 .ARM.attributes
                0x000000d0       0x34 ./source/Motor_Controller.o
 .ARM.attributes
                0x00000104       0x34 ./source/semihost_hardfault.o
 .ARM.attributes
                0x00000138       0x34 ./drivers/fsl_clock.o
 .ARM.attributes
                0x0000016c       0x34 ./drivers/fsl_ftm.o
 .ARM.attributes
                0x000001a0       0x34 ./drivers/fsl_gpio.o
 .ARM.attributes
                0x000001d4       0x34 ./drivers/fsl_i2c.o
 .ARM.attributes
                0x00000208       0x34 ./drivers/fsl_uart.o
 .ARM.attributes
                0x0000023c       0x34 ./device/system_MK64F12.o
 .ARM.attributes
                0x00000270       0x34 ./component/uart/fsl_adapter_uart.o
 .ARM.attributes
                0x000002a4       0x34 ./component/serial_manager/fsl_component_serial_manager.o
 .ARM.attributes
                0x000002d8       0x34 ./component/serial_manager/fsl_component_serial_port_uart.o
 .ARM.attributes
                0x0000030c       0x34 ./board/board.o
 .ARM.attributes
                0x00000340       0x34 ./board/clock_config.o
 .ARM.attributes
                0x00000374       0x34 ./board/peripherals.o
 .ARM.attributes
                0x000003a8       0x34 ./board/pin_mux.o
 .ARM.attributes
                0x000003dc       0x34 c:/nxp/mcuxpressoide_11.5.1_7266/ide/plugins/com.nxp.mcuxpresso.tools.win32_11.5.1.202201181444/tools/bin/../lib/gcc/arm-none-eabi/10.3.1/../../../../arm-none-eabi/lib/thumb/v7e-m+fp/hard\libcr_nohost_nf.a(_cr__main.o)
 .ARM.attributes
                0x00000410       0x34 c:/nxp/mcuxpressoide_11.5.1_7266/ide/plugins/com.nxp.mcuxpresso.tools.win32_11.5.1.202201181444/tools/bin/../lib/gcc/arm-none-eabi/10.3.1/../../../../arm-none-eabi/lib/thumb/v7e-m+fp/hard\libcr_c.a(memcpy.o)
 .ARM.attributes
                0x00000444       0x34 c:/nxp/mcuxpressoide_11.5.1_7266/ide/plugins/com.nxp.mcuxpresso.tools.win32_11.5.1.202201181444/tools/bin/../lib/gcc/arm-none-eabi/10.3.1/../../../../arm-none-eabi/lib/thumb/v7e-m+fp/hard\libcr_c.a(memset.o)
 .ARM.attributes
                0x00000478       0x34 c:/nxp/mcuxpressoide_11.5.1_7266/ide/plugins/com.nxp.mcuxpresso.tools.win32_11.5.1.202201181444/tools/bin/../lib/gcc/arm-none-eabi/10.3.1/../../../../arm-none-eabi/lib/thumb/v7e-m+fp/hard\libcr_c.a(alloc.o)
 .ARM.attributes
                0x000004ac       0x39 c:/nxp/mcuxpressoide_11.5.1_7266/ide/plugins/com.nxp.mcuxpresso.tools.win32_11.5.1.202201181444/tools/bin/../lib/gcc/arm-none-eabi/10.3.1/../../../../arm-none-eabi/lib/thumb/v7e-m+fp/hard\libcr_c.a(errno.o)
 .ARM.attributes
                0x000004e5       0x34 c:/nxp/mcuxpressoide_11.5.1_7266/ide/plugins/com.nxp.mcuxpresso.tools.win32_11.5.1.202201181444/tools/bin/../lib/gcc/arm-none-eabi/10.3.1/../../../../arm-none-eabi/lib/thumb/v7e-m+fp/hard\libcr_c.a(initio.o)
 .ARM.attributes
                0x00000519       0x34 c:/nxp/mcuxpressoide_11.5.1_7266/ide/plugins/com.nxp.mcuxpresso.tools.win32_11.5.1.202201181444/tools/bin/../lib/gcc/arm-none-eabi/10.3.1/../../../../arm-none-eabi/lib/thumb/v7e-m+fp/hard\libcr_c.a(setvbuf.o)
 .ARM.attributes
                0x0000054d       0x34 c:/nxp/mcuxpressoide_11.5.1_7266/ide/plugins/com.nxp.mcuxpresso.tools.win32_11.5.1.202201181444/tools/bin/../lib/gcc/arm-none-eabi/10.3.1/../../../../arm-none-eabi/lib/thumb/v7e-m+fp/hard\libcr_c.a(strlen.o)
 .ARM.attributes
                0x00000581       0x34 c:/nxp/mcuxpressoide_11.5.1_7266/ide/plugins/com.nxp.mcuxpresso.tools.win32_11.5.1.202201181444/tools/bin/../lib/gcc/arm-none-eabi/10.3.1/../../../../arm-none-eabi/lib/thumb/v7e-m+fp/hard\libcr_c.a(_deferredlazyseek.o)
 .ARM.attributes
                0x000005b5       0x34 c:/nxp/mcuxpressoide_11.5.1_7266/ide/plugins/com.nxp.mcuxpresso.tools.win32_11.5.1.202201181444/tools/bin/../lib/gcc/arm-none-eabi/10.3.1/../../../../arm-none-eabi/lib/thumb/v7e-m+fp/hard\libcr_c.a(_fdopen.o)
 .ARM.attributes
                0x000005e9       0x34 c:/nxp/mcuxpressoide_11.5.1_7266/ide/plugins/com.nxp.mcuxpresso.tools.win32_11.5.1.202201181444/tools/bin/../lib/gcc/arm-none-eabi/10.3.1/../../../../arm-none-eabi/lib/thumb/v7e-m+fp/hard\libcr_c.a(_fflush.o)
 .ARM.attributes
                0x0000061d       0x34 c:/nxp/mcuxpressoide_11.5.1_7266/ide/plugins/com.nxp.mcuxpresso.tools.win32_11.5.1.202201181444/tools/bin/../lib/gcc/arm-none-eabi/10.3.1/../../../../arm-none-eabi/lib/thumb/v7e-m+fp/hard\libcr_c.a(_writebuf.o)
 .ARM.attributes
                0x00000651       0x34 c:/nxp/mcuxpressoide_11.5.1_7266/ide/plugins/com.nxp.mcuxpresso.tools.win32_11.5.1.202201181444/tools/bin/../lib/gcc/arm-none-eabi/10.3.1/../../../../arm-none-eabi/lib/thumb/v7e-m+fp/hard\libcr_c.a(fclose.o)
 .ARM.attributes
                0x00000685       0x34 c:/nxp/mcuxpressoide_11.5.1_7266/ide/plugins/com.nxp.mcuxpresso.tools.win32_11.5.1.202201181444/tools/bin/../lib/gcc/arm-none-eabi/10.3.1/../../../../arm-none-eabi/lib/thumb/v7e-m+fp/hard\libcr_c.a(fflush.o)
 .ARM.attributes
                0x000006b9       0x34 c:/nxp/mcuxpressoide_11.5.1_7266/ide/plugins/com.nxp.mcuxpresso.tools.win32_11.5.1.202201181444/tools/bin/../lib/gcc/arm-none-eabi/10.3.1/../../../../arm-none-eabi/lib/thumb/v7e-m+fp/hard\libcr_c.a(fseek.o)
 .ARM.attributes
                0x000006ed       0x34 c:/nxp/mcuxpressoide_11.5.1_7266/ide/plugins/com.nxp.mcuxpresso.tools.win32_11.5.1.202201181444/tools/bin/../lib/gcc/arm-none-eabi/10.3.1/../../../../arm-none-eabi/lib/thumb/v7e-m+fp/hard\libcr_c.a(ftell.o)
 .ARM.attributes
                0x00000721       0x34 c:/nxp/mcuxpressoide_11.5.1_7266/ide/plugins/com.nxp.mcuxpresso.tools.win32_11.5.1.202201181444/tools/bin/../lib/gcc/arm-none-eabi/10.3.1/../../../../arm-none-eabi/lib/thumb/v7e-m+fp/hard\libcr_c.a(remove.o)
 .ARM.attributes
                0x00000755       0x34 c:/nxp/mcuxpressoide_11.5.1_7266/ide/plugins/com.nxp.mcuxpresso.tools.win32_11.5.1.202201181444/tools/bin/../lib/gcc/arm-none-eabi/10.3.1/../../../../arm-none-eabi/lib/thumb/v7e-m+fp/hard\libcr_c.a(_do_fflush.o)
 .ARM.attributes
                0x00000789       0x20 c:/nxp/mcuxpressoide_11.5.1_7266/ide/plugins/com.nxp.mcuxpresso.tools.win32_11.5.1.202201181444/tools/bin/../lib/gcc/arm-none-eabi/10.3.1/thumb/v7e-m+fp/hard\libcr_eabihelpers.a(memcpy.o)
 .ARM.attributes
                0x000007a9       0x39 c:/nxp/mcuxpressoide_11.5.1_7266/ide/plugins/com.nxp.mcuxpresso.tools.win32_11.5.1.202201181444/tools/bin/../lib/gcc/arm-none-eabi/10.3.1/../../../../arm-none-eabi/lib/thumb/v7e-m+fp/hard\libcr_nohost_nf.a(__ciob.o)
 .ARM.attributes
                0x000007e2       0x34 c:/nxp/mcuxpressoide_11.5.1_7266/ide/plugins/com.nxp.mcuxpresso.tools.win32_11.5.1.202201181444/tools/bin/../lib/gcc/arm-none-eabi/10.3.1/../../../../arm-none-eabi/lib/thumb/v7e-m+fp/hard\libcr_nohost_nf.a(__sys_close.o)
 .ARM.attributes
                0x00000816       0x34 c:/nxp/mcuxpressoide_11.5.1_7266/ide/plugins/com.nxp.mcuxpresso.tools.win32_11.5.1.202201181444/tools/bin/../lib/gcc/arm-none-eabi/10.3.1/../../../../arm-none-eabi/lib/thumb/v7e-m+fp/hard\libcr_nohost_nf.a(__sys_flen.o)
 .ARM.attributes
                0x0000084a       0x34 c:/nxp/mcuxpressoide_11.5.1_7266/ide/plugins/com.nxp.mcuxpresso.tools.win32_11.5.1.202201181444/tools/bin/../lib/gcc/arm-none-eabi/10.3.1/../../../../arm-none-eabi/lib/thumb/v7e-m+fp/hard\libcr_nohost_nf.a(__sys_istty.o)
 .ARM.attributes
                0x0000087e       0x34 c:/nxp/mcuxpressoide_11.5.1_7266/ide/plugins/com.nxp.mcuxpresso.tools.win32_11.5.1.202201181444/tools/bin/../lib/gcc/arm-none-eabi/10.3.1/../../../../arm-none-eabi/lib/thumb/v7e-m+fp/hard\libcr_nohost_nf.a(__sys_remove.o)
 .ARM.attributes
                0x000008b2       0x34 c:/nxp/mcuxpressoide_11.5.1_7266/ide/plugins/com.nxp.mcuxpresso.tools.win32_11.5.1.202201181444/tools/bin/../lib/gcc/arm-none-eabi/10.3.1/../../../../arm-none-eabi/lib/thumb/v7e-m+fp/hard\libcr_nohost_nf.a(__sys_seek.o)
 .ARM.attributes
                0x000008e6       0x34 c:/nxp/mcuxpressoide_11.5.1_7266/ide/plugins/com.nxp.mcuxpresso.tools.win32_11.5.1.202201181444/tools/bin/../lib/gcc/arm-none-eabi/10.3.1/../../../../arm-none-eabi/lib/thumb/v7e-m+fp/hard\libcr_nohost_nf.a(__sys_tmpnam.o)
 .ARM.attributes
                0x0000091a       0x34 c:/nxp/mcuxpressoide_11.5.1_7266/ide/plugins/com.nxp.mcuxpresso.tools.win32_11.5.1.202201181444/tools/bin/../lib/gcc/arm-none-eabi/10.3.1/../../../../arm-none-eabi/lib/thumb/v7e-m+fp/hard\libcr_nohost_nf.a(__sys_write.o)

.debug_frame    0x00000000     0x34c0
 .debug_frame   0x00000000       0x30 ./utilities/fsl_assert.o
 .debug_frame   0x00000030      0x2d4 ./utilities/fsl_debug_console.o
 .debug_frame   0x00000304      0x32c ./utilities/fsl_str.o
 .debug_frame   0x00000630      0x8fc ./startup/startup_mk64f12.o
 .debug_frame   0x00000f2c      0x16c ./source/Motor_Controller.o
 .debug_frame   0x00001098       0x20 ./source/semihost_hardfault.o
 .debug_frame   0x000010b8      0x890 ./drivers/fsl_clock.o
 .debug_frame   0x00001948      0x3a8 ./drivers/fsl_ftm.o
 .debug_frame   0x00001cf0       0xc8 ./drivers/fsl_gpio.o
 .debug_frame   0x00001db8      0x694 ./drivers/fsl_i2c.o
 .debug_frame   0x0000244c      0x74c ./drivers/fsl_uart.o