C:\Users\jonlo\Documents\MCUXpressoIDE_11.5.1_7266\workspace\Motor_Controller\drivers/fsl_clock.h:668:20:CLOCK_EnableClock	24	static
C:\Users\jonlo\Documents\MCUXpressoIDE_11.5.1_7266\workspace\Motor_Controller\drivers/fsl_port.h:271:20:PORT_SetPinConfig	32	static
C:\Users\jonlo\Documents\MCUXpressoIDE_11.5.1_7266\workspace\Motor_Controller\drivers/fsl_port.h:374:20:PORT_SetPinMux	24	static
C:\Users\jonlo\Documents\MCUXpressoIDE_11.5.1_7266\workspace\Motor_Controller\drivers/fsl_port.h:443:20:PORT_SetPinInterruptConfig	24	static
../board/pin_mux.c:132:6:BOARD_InitBootPins	8	static
../board/pin_mux.c:163:6:BOARD_InitPins	8	static
../board/pin_mux.c:221:6:BOARD_InitButtonsPins	24	static
../board/pin_mux.c:305:6:BOARD_InitLEDsPins	32	static
../board/pin_mux.c:405:6:BOARD_InitDEBUG_UARTPins	16	static
../board/pin_mux.c:472:6:BOARD_InitOSCPins	8	static
../board/pin_mux.c:505:6:BOARD_InitACCELPins	32	static
../board/pin_mux.c:631:6:BOARD_InitENETPins	48	static
../board/pin_mux.c:846:6:BOARD_InitSDHCPins	40	static
../board/pin_mux.c:996:6:BOARD_InitUSBPins	4	static
